Archive member included to satisfy reference by file (symbol)

d:\Data\Document\Peripheral\wch\CH585EVT\EVT\EXAM\SRC\StdPeriphDriver\libISP585.a(ISP585.o)
                              ./StdPeriphDriver/CH58x_flash.o (FLASH_EEPROM_CMD)
d:\Data\Document\Peripheral\wch\CH585EVT\EVT\EXAM\BLE\LIB\libCH58xBLE.a(message.o)
                              ./Profile/hiddev.o (tmos_msg_deallocate)
d:\Data\Document\Peripheral\wch\CH585EVT\EVT\EXAM\BLE\LIB\libCH58xBLE.a(tmos.o)
                              ./Profile/battservice.o (tmos_memcpy)
d:\Data\Document\Peripheral\wch\CH585EVT\EVT\EXAM\BLE\LIB\libCH58xBLE.a(tmos_hw.o)
                              d:\Data\Document\Peripheral\wch\CH585EVT\EVT\EXAM\BLE\LIB\libCH58xBLE.a(tmos.o) (bleClock_t)
d:\Data\Document\Peripheral\wch\CH585EVT\EVT\EXAM\BLE\LIB\libCH58xBLE.a(tmos_snv.o)
                              d:\Data\Document\Peripheral\wch\CH585EVT\EVT\EXAM\BLE\LIB\libCH58xBLE.a(tmos.o) (tmos_snv_init)
d:\Data\Document\Peripheral\wch\CH585EVT\EVT\EXAM\BLE\LIB\libCH58xBLE.a(gap.o)
                              ./Profile/hiddev.o (GAP_SetParamValue)
d:\Data\Document\Peripheral\wch\CH585EVT\EVT\EXAM\BLE\LIB\libCH58xBLE.a(gap_central.o)
                              d:\Data\Document\Peripheral\wch\CH585EVT\EVT\EXAM\BLE\LIB\libCH58xBLE.a(gap.o) (gapProcessPeriodicAdvertisingSyncEstablishedEvt)
d:\Data\Document\Peripheral\wch\CH585EVT\EVT\EXAM\BLE\LIB\libCH58xBLE.a(gap_peripheral.o)
                              ./APP/hidtouch.o (GAP_ConfigDeviceAddr)
d:\Data\Document\Peripheral\wch\CH585EVT\EVT\EXAM\BLE\LIB\libCH58xBLE.a(gapgattserver.o)
                              ./APP/hidtouch.o (GGS_SetParameter)
d:\Data\Document\Peripheral\wch\CH585EVT\EVT\EXAM\BLE\LIB\libCH58xBLE.a(gatt.o)
                              ./Profile/battservice.o (GATT_bm_alloc)
d:\Data\Document\Peripheral\wch\CH585EVT\EVT\EXAM\BLE\LIB\libCH58xBLE.a(gatt_uuid.o)
                              ./Profile/battservice.o (reportRefUUID)
d:\Data\Document\Peripheral\wch\CH585EVT\EVT\EXAM\BLE\LIB\libCH58xBLE.a(gattclientapp.o)
                              d:\Data\Document\Peripheral\wch\CH585EVT\EVT\EXAM\BLE\LIB\libCH58xBLE.a(gatt.o) (gattGetClientStatus)
d:\Data\Document\Peripheral\wch\CH585EVT\EVT\EXAM\BLE\LIB\libCH58xBLE.a(gattservapp.o)
                              ./Profile/battservice.o (GATTServApp_ReadCharCfg)
d:\Data\Document\Peripheral\wch\CH585EVT\EVT\EXAM\BLE\LIB\libCH58xBLE.a(l2cap.o)
                              d:\Data\Document\Peripheral\wch\CH585EVT\EVT\EXAM\BLE\LIB\libCH58xBLE.a(gatt.o) (L2CAP_GetMTU)
d:\Data\Document\Peripheral\wch\CH585EVT\EVT\EXAM\BLE\LIB\libCH58xBLE.a(l2cap_input.o)
                              d:\Data\Document\Peripheral\wch\CH585EVT\EVT\EXAM\BLE\LIB\libCH58xBLE.a(l2cap.o) (l2capProcessRxData)
d:\Data\Document\Peripheral\wch\CH585EVT\EVT\EXAM\BLE\LIB\libCH58xBLE.a(l2cap_output.o)
                              d:\Data\Document\Peripheral\wch\CH585EVT\EVT\EXAM\BLE\LIB\libCH58xBLE.a(l2cap_input.o) (l2capNotifyData)
d:\Data\Document\Peripheral\wch\CH585EVT\EVT\EXAM\BLE\LIB\libCH58xBLE.a(l2cap_sdu.o)
                              d:\Data\Document\Peripheral\wch\CH585EVT\EVT\EXAM\BLE\LIB\libCH58xBLE.a(l2cap_input.o) (l2capBuildDisconnectRsp)
d:\Data\Document\Peripheral\wch\CH585EVT\EVT\EXAM\BLE\LIB\libCH58xBLE.a(linkdb.o)
                              d:\Data\Document\Peripheral\wch\CH585EVT\EVT\EXAM\BLE\LIB\libCH58xBLE.a(l2cap.o) (linkDB_Init)
d:\Data\Document\Peripheral\wch\CH585EVT\EVT\EXAM\BLE\LIB\libCH58xBLE.a(sm.o)
                              d:\Data\Document\Peripheral\wch\CH585EVT\EVT\EXAM\BLE\LIB\libCH58xBLE.a(gap.o) (smFreePairingParams)
d:\Data\Document\Peripheral\wch\CH585EVT\EVT\EXAM\BLE\LIB\libCH58xBLE.a(sm_initiator.o)
                              d:\Data\Document\Peripheral\wch\CH585EVT\EVT\EXAM\BLE\LIB\libCH58xBLE.a(sm.o) (smInitiatorSendNextKeyInfo)
d:\Data\Document\Peripheral\wch\CH585EVT\EVT\EXAM\BLE\LIB\libCH58xBLE.a(sm_pdu.o)
                              d:\Data\Document\Peripheral\wch\CH585EVT\EVT\EXAM\BLE\LIB\libCH58xBLE.a(sm.o) (smpBuildPairingReq)
d:\Data\Document\Peripheral\wch\CH585EVT\EVT\EXAM\BLE\LIB\libCH58xBLE.a(sm_responding.o)
                              d:\Data\Document\Peripheral\wch\CH585EVT\EVT\EXAM\BLE\LIB\libCH58xBLE.a(sm.o) (smResponderSendNextKeyInfo)
d:\Data\Document\Peripheral\wch\CH585EVT\EVT\EXAM\BLE\LIB\libCH58xBLE.a(sm_toolbox.o)
                              d:\Data\Document\Peripheral\wch\CH585EVT\EVT\EXAM\BLE\LIB\libCH58xBLE.a(sm.o) (sm_ah)
d:\Data\Document\Peripheral\wch\CH585EVT\EVT\EXAM\BLE\LIB\libCH58xBLE.a(host_input.o)
                              d:\Data\Document\Peripheral\wch\CH585EVT\EVT\EXAM\BLE\LIB\libCH58xBLE.a(gap.o) (gBleHostPara)
d:\Data\Document\Peripheral\wch\CH585EVT\EVT\EXAM\BLE\LIB\libCH58xBLE.a(host_output.o)
                              d:\Data\Document\Peripheral\wch\CH585EVT\EVT\EXAM\BLE\LIB\libCH58xBLE.a(gap.o) (HCI_DisconnectCmd)
[...]
Memory Configuration

Name             Origin             Length             Attributes
FLASH            0x0000000000000000 0x0000000000070000 xr
RAM              0x0000000020000000 0x0000000000020000 xrw
*default*        0x0000000000000000 0xffffffffffffffff

Linker script and memory map

LOAD ./StdPeriphDriver/CH58x_adc.o
LOAD ./StdPeriphDriver/CH58x_clk.o
LOAD ./StdPeriphDriver/CH58x_flash.o
LOAD ./StdPeriphDriver/CH58x_gpio.o
LOAD ./StdPeriphDriver/CH58x_i2c.o
LOAD ./StdPeriphDriver/CH58x_lcd.o
LOAD ./StdPeriphDriver/CH58x_pwm.o
LOAD ./StdPeriphDriver/CH58x_pwr.o
LOAD ./StdPeriphDriver/CH58x_spi0.o
LOAD ./StdPeriphDriver/CH58x_spi1.o
LOAD ./StdPeriphDriver/CH58x_sys.o
LOAD ./StdPeriphDriver/CH58x_timer0.o
LOAD ./StdPeriphDriver/CH58x_timer1.o
LOAD ./StdPeriphDriver/CH58x_timer2.o
LOAD ./StdPeriphDriver/CH58x_timer3.o
LOAD ./StdPeriphDriver/CH58x_uart0.o
LOAD ./StdPeriphDriver/CH58x_uart1.o
LOAD ./StdPeriphDriver/CH58x_uart2.o
LOAD ./StdPeriphDriver/CH58x_uart3.o
LOAD ./StdPeriphDriver/CH58x_usbdev.o
LOAD ./StdPeriphDriver/CH58x_usbhostBase.o
LOAD ./StdPeriphDriver/CH58x_usbhostClass.o
LOAD ./Startup/startup_CH585.o
LOAD ./Profile/battservice.o
LOAD ./Profile/devinfoservice.o
LOAD ./Profile/hiddev.o
LOAD ./Profile/hidtouchservice.o
LOAD ./Profile/scanparamservice.o
LOAD ./LIB/ble_task_scheduler.o
LOAD ./HAL/MCU.o
LOAD ./HAL/RTC.o
LOAD ./HAL/SLEEP.o
LOAD ./APP/hidtouch.o
LOAD ./APP/hidtouch_main.o
LOAD d:\Data\Document\Peripheral\wch\CH585EVT\EVT\EXAM\SRC\StdPeriphDriver\libISP585.a
LOAD d:\Data\Document\Peripheral\wch\CH585EVT\EVT\EXAM\BLE\LIB\libCH58xBLE.a
LOAD d:/software/work/mounriver_studio2/resources/app/resources/win32/components/wch/toolchain/risc-v embedded gcc12/bin/../lib/gcc/riscv-wch-elf/12.2.0/../../../../riscv-wch-elf/lib/rv32imc_zba_zbb_zbc_zbs_xw/ilp32\libm_nano.a
LOAD d:/software/work/mounriver_studio2/resources/app/resources/win32/components/wch/toolchain/risc-v embedded gcc12/bin/../lib/gcc/riscv-wch-elf/12.2.0/rv32imc_zba_zbb_zbc_zbs_xw/ilp32\libgcc.a
LOAD d:/software/work/mounriver_studio2/resources/app/resources/win32/components/wch/toolchain/risc-v embedded gcc12/bin/../lib/gcc/riscv-wch-elf/12.2.0/../../../../riscv-wch-elf/lib/rv32imc_zba_zbb_zbc_zbs_xw/ilp32\libg_nano.a
LOAD d:/software/work/mounriver_studio2/resources/app/resources/win32/components/wch/toolchain/risc-v embedded gcc12/bin/../lib/gcc/riscv-wch-elf/12.2.0/../../../../riscv-wch-elf/lib/rv32imc_zba_zbb_zbc_zbs_xw/ilp32\libc_nano.a
LOAD d:/software/work/mounriver_studio2/resources/app/resources/win32/components/wch/toolchain/risc-v embedded gcc12/bin/../lib/gcc/riscv-wch-elf/12.2.0/rv32imc_zba_zbb_zbc_zbs_xw/ilp32\libgcc.a
START GROUP
LOAD d:/software/work/mounriver_studio2/resources/app/resources/win32/components/wch/toolchain/risc-v embedded gcc12/bin/../lib/gcc/riscv-wch-elf/12.2.0/rv32imc_zba_zbb_zbc_zbs_xw/ilp32\libgcc.a
LOAD d:/software/work/mounriver_studio2/resources/app/resources/win32/components/wch/toolchain/risc-v embedded gcc12/bin/../lib/gcc/riscv-wch-elf/12.2.0/../../../../riscv-wch-elf/lib/rv32imc_zba_zbb_zbc_zbs_xw/ilp32\libc_nano.a
LOAD d:/software/work/mounriver_studio2/resources/app/resources/win32/components/wch/toolchain/risc-v embedded gcc12/bin/../lib/gcc/riscv-wch-elf/12.2.0/../../../../riscv-wch-elf/lib/rv32imc_zba_zbb_zbc_zbs_xw/ilp32\libnosys.a
END GROUP
START GROUP
LOAD d:/software/work/mounriver_studio2/resources/app/resources/win32/components/wch/toolchain/risc-v embedded gcc12/bin/../lib/gcc/riscv-wch-elf/12.2.0/rv32imc_zba_zbb_zbc_zbs_xw/ilp32\libgcc.a
LOAD d:/software/work/mounriver_studio2/resources/app/resources/win32/components/wch/toolchain/risc-v embedded gcc12/bin/../lib/gcc/riscv-wch-elf/12.2.0/../../../../riscv-wch-elf/lib/rv32imc_zba_zbb_zbc_zbs_xw/ilp32\libc_nano.a
LOAD d:/software/work/mounriver_studio2/resources/app/resources/win32/components/wch/toolchain/risc-v embedded gcc12/bin/../lib/gcc/riscv-wch-elf/12.2.0/../../../../riscv-wch-elf/lib/rv32imc_zba_zbb_zbc_zbs_xw/ilp32\libnosys.a
END GROUP

.init           0x0000000000000000        0x4
                0x0000000000000000                _sinit = .
                0x0000000000000000                . = ALIGN (0x4)
 *(SORT_NONE(.init))
 .init          0x0000000000000000        0x4 ./Startup/startup_CH585.o
                0x0000000000000000                _start
                0x0000000000000004                . = ALIGN (0x4)
                0x0000000000000004                _einit = .

.highcode_initlalign
                0x0000000000000004        0x0
                0x0000000000000004                . = ALIGN (0x4)
                0x0000000000000004                PROVIDE (_highcode_init_lma = .)

.highcode_init  0x0000000020000000      0x1fc load address 0x0000000000000004
                0x0000000020000000                PROVIDE (_highcode_init_vma_start = .)
                0x0000000020000000                . = ALIGN (0x400)
 *(.vector)
 .vector        0x0000000020000000       0xa0 ./Startup/startup_CH585.o
                0x0000000020000000                _vector_base
 *(SORT_NONE(.vector_handler))
 .vector_handler
                0x00000000200000a0        0x2 ./Startup/startup_CH585.o
                0x00000000200000a0                NFC_IRQHandler
                0x00000000200000a0                GPIOB_IRQHandler
                0x00000000200000a0                GPIOA_IRQHandler
                0x00000000200000a0                SysTick_Handler
                0x00000000200000a0                NMI_Handler
                0x00000000200000a0                UART1_IRQHandler
                0x00000000200000a0                UART0_IRQHandler
                0x00000000200000a0                BB_IRQHandler
                0x00000000200000a0                Break_Point_Handler
                0x00000000200000a0                TMR0_IRQHandler
                0x00000000200000a0                LED_IRQHandler
                0x00000000200000a0                UART2_IRQHandler
                0x00000000200000a0                ADC_IRQHandler
                0x00000000200000a0                TMR2_IRQHandler
                0x00000000200000a0                USB_IRQHandler
                0x00000000200000a0                I2C_IRQHandler
                0x00000000200000a0                WDOG_BAT_IRQHandler
                0x00000000200000a0                TMR3_IRQHandler
                0x00000000200000a0                SW_Handler
                0x00000000200000a0                SPI0_IRQHandler
                0x00000000200000a0                USB2_HOST_IRQHandler
                0x00000000200000a0                PWMX_SPI1_IRQHandler
                0x00000000200000a0                UART3_IRQHandler
                0x00000000200000a0                USB2_DEVICE_IRQHandler
                0x00000000200000a0                TMR1_IRQHandler
 *(.highcode_init)
 .highcode_init
                0x00000000200000a2       0xae ./StdPeriphDriver/CH58x_sys.o
                0x00000000200000a2                highcode_init
 .highcode_init
                0x0000000020000150       0xaa ./Startup/startup_CH585.o
 *(.highcode_init.*)
                0x00000000200001fc                . = ALIGN (0x4)
 *fill*         0x00000000200001fa        0x2 
                0x00000000200001fc                PROVIDE (_highcode_init_vma_end = .)

.highcodelalign
                0x0000000000000200        0x0
                0x0000000000000200                . = ALIGN (0x4)
                0x0000000000000200                PROVIDE (_highcode_lma = .)

.highcode       0x00000000200001fc     0x3be0 load address 0x0000000000000200
                0x00000000200001fc                . = ALIGN (0x4)
                0x00000000200001fc                PROVIDE (_highcode_vma_start = .)
 *(.highcode)
 .highcode      0x00000000200001fc       0x4e ./LIB/ble_task_scheduler.o
                0x00000000200001fc                Ecall_U_Mode_Handler
                0x00000000200001fc                Ecall_M_Mode_Handler
 *(.highcode.*)
 .highcode.RTC_GetCycle32k
                0x000000002000024a       0x18 ./StdPeriphDriver/CH58x_clk.o
                0x000000002000024a                RTC_GetCycle32k
 .highcode.SetSysClock
                0x0000000020000262      0x1a4 ./StdPeriphDriver/CH58x_sys.o
                0x0000000020000262                SetSysClock
 .highcode.SYS_DisableAllIrq
                0x0000000020000406       0x1c ./StdPeriphDriver/CH58x_sys.o
                0x0000000020000406                SYS_DisableAllIrq
 .highcode.SYS_RecoverIrq
                0x0000000020000422       0x14 ./StdPeriphDriver/CH58x_sys.o
                0x0000000020000422                SYS_RecoverIrq
 .highcode.HardFault_Handler
                0x0000000020000436       0x7e ./StdPeriphDriver/CH58x_sys.o
                0x0000000020000436                HardFault_Handler
 *fill*         0x00000000200004b4        0x0 
 .highcode.LLE_IRQHandler
                0x00000000200004b4       0x86 ./LIB/ble_task_scheduler.o
                0x00000000200004b4                LLE_IRQHandler
 .highcode.SYS_GetClockValue
                0x000000002000053a       0x18 ./HAL/RTC.o
 .highcode.SYS_SetPendingIRQ
                0x0000000020000552        0xe ./HAL/RTC.o
 .highcode.RTC_IRQHandler
                0x0000000020000560       0x16 ./HAL/RTC.o
                0x0000000020000560                RTC_IRQHandler
 .highcode.Main_Circulation
                0x0000000020000576        0xa ./APP/hidtouch_main.o
                0x0000000020000576                Main_Circulation
 .highcode.FLASH_ROM_BEG
                0x0000000020000580       0x12 d:\Data\Document\Peripheral\wch\CH585EVT\EVT\EXAM\SRC\StdPeriphDriver\libISP585.a(ISP585.o)
                0x0000000020000580                FLASH_ROM_BEG
 .highcode.FLASH_ROM_END
                0x0000000020000592        0xe d:\Data\Document\Peripheral\wch\CH585EVT\EVT\EXAM\SRC\StdPeriphDriver\libISP585.a(ISP585.o)
                0x0000000020000592                FLASH_ROM_END
 .highcode.FLASH_ROM_IN
                0x00000000200005a0        0xe d:\Data\Document\Peripheral\wch\CH585EVT\EVT\EXAM\SRC\StdPeriphDriver\libISP585.a(ISP585.o)
                0x00000000200005a0                FLASH_ROM_IN
 .highcode.FLASH_ROM_OUT
                0x00000000200005ae        0xe d:\Data\Document\Peripheral\wch\CH585EVT\EVT\EXAM\SRC\StdPeriphDriver\libISP585.a(ISP585.o)
                0x00000000200005ae                FLASH_ROM_OUT
 .highcode.FLASH_ROM_ADDR
                0x00000000200005bc       0x48 d:\Data\Document\Peripheral\wch\CH585EVT\EVT\EXAM\SRC\StdPeriphDriver\libISP585.a(ISP585.o)
                0x00000000200005bc                FLASH_ROM_ADDR
 .highcode.FLASH_ROM_WAIT
                0x0000000020000604       0x38 d:\Data\Document\Peripheral\wch\CH585EVT\EVT\EXAM\SRC\StdPeriphDriver\libISP585.a(ISP585.o)
                0x0000000020000604                FLASH_ROM_WAIT
 .highcode.FLASH_EEPROM_CMD
                0x000000002000063c      0x318 d:\Data\Document\Peripheral\wch\CH585EVT\EVT\EXAM\SRC\StdPeriphDriver\libISP585.a(ISP585.o)
                0x000000002000063c                FLASH_EEPROM_CMD
 .highcode.tmos_msg_enqueue
                0x0000000020000954       0x1a d:\Data\Document\Peripheral\wch\CH585EVT\EVT\EXAM\BLE\LIB\libCH58xBLE.a(message.o)
                0x0000000020000954                tmos_msg_enqueue
 .highcode.tmos_msg_allocate
                0x000000002000096e       0x62 d:\Data\Document\Peripheral\wch\CH585EVT\EVT\EXAM\BLE\LIB\libCH58xBLE.a(message.o)
                0x000000002000096e                tmos_msg_allocate
 .highcode.tmos_msg_receive
                0x00000000200009d0       0x90 d:\Data\Document\Peripheral\wch\CH585EVT\EVT\EXAM\BLE\LIB\libCH58xBLE.a(message.o)
                0x00000000200009d0                tmos_msg_receive
 .highcode.tmos_memcpy
                0x0000000020000a60       0x2c d:\Data\Document\Peripheral\wch\CH585EVT\EVT\EXAM\BLE\LIB\libCH58xBLE.a(tmos.o)
                0x0000000020000a60                tmos_memcpy
 .highcode.tmos_memcpy_word
                0x0000000020000a8c       0x3c d:\Data\Document\Peripheral\wch\CH585EVT\EVT\EXAM\BLE\LIB\libCH58xBLE.a(tmos.o)
                0x0000000020000a8c                tmos_memcpy_word
 .highcode.tmos_memset
                0x0000000020000ac8       0x32 d:\Data\Document\Peripheral\wch\CH585EVT\EVT\EXAM\BLE\LIB\libCH58xBLE.a(tmos.o)
                0x0000000020000ac8                tmos_memset
 .highcode.tmos_strlen
                0x0000000020000afa       0x30 d:\Data\Document\Peripheral\wch\CH585EVT\EVT\EXAM\BLE\LIB\libCH58xBLE.a(tmos.o)
                0x0000000020000afa                tmos_strlen
 .highcode.tmos_memdup
                0x0000000020000b2a       0x50 d:\Data\Document\Peripheral\wch\CH585EVT\EVT\EXAM\BLE\LIB\libCH58xBLE.a(tmos.o)
                0x0000000020000b2a                tmos_memdup
 .highcode.tmos_memcmp
                0x0000000020000b7a       0x4c d:\Data\Document\Peripheral\wch\CH585EVT\EVT\EXAM\BLE\LIB\libCH58xBLE.a(tmos.o)
                0x0000000020000b7a                tmos_memcmp
 .highcode.tmos_revmemcpy
                0x0000000020000bc6       0x36 d:\Data\Document\Peripheral\wch\CH585EVT\EVT\EXAM\BLE\LIB\libCH58xBLE.a(tmos.o)
                0x0000000020000bc6                tmos_revmemcpy
 .highcode.tmos_isbufset
                0x0000000020000bfc       0x40 d:\Data\Document\Peripheral\wch\CH585EVT\EVT\EXAM\BLE\LIB\libCH58xBLE.a(tmos.o)
                0x0000000020000bfc                tmos_isbufset
 .highcode.tmos_proces_system_time
                0x0000000020000c3c      0x134 d:\Data\Document\Peripheral\wch\CH585EVT\EVT\EXAM\BLE\LIB\libCH58xBLE.a(tmos.o)
 .highcode.tmos_proces_idle
                0x0000000020000d70      0x172 d:\Data\Document\Peripheral\wch\CH585EVT\EVT\EXAM\BLE\LIB\libCH58xBLE.a(tmos.o)
                0x0000000020000d70                tmos_proces_idle
 .highcode.TMOS_SysRegister
                0x0000000020000ee2        0xe d:\Data\Document\Peripheral\wch\CH585EVT\EVT\EXAM\BLE\LIB\libCH58xBLE.a(tmos.o)
                0x0000000020000ee2                TMOS_SysRegister
 .highcode.TMOS_ProcessRegister
                0x0000000020000ef0       0x26 d:\Data\Document\Peripheral\wch\CH585EVT\EVT\EXAM\BLE\LIB\libCH58xBLE.a(tmos.o)
                0x0000000020000ef0                TMOS_ProcessRegister
 .highcode.ble_controller_func
                0x0000000020000f16       0x2a d:\Data\Document\Peripheral\wch\CH585EVT\EVT\EXAM\BLE\LIB\libCH58xBLE.a(tmos.o)
                0x0000000020000f16                ble_controller_func
 .highcode.TMOS_SystemProcess
                0x0000000020000f40      0x17e d:\Data\Document\Peripheral\wch\CH585EVT\EVT\EXAM\BLE\LIB\libCH58xBLE.a(tmos.o)
                0x0000000020000f40                TMOS_SystemProcess
 .highcode.clockGetHSEValue
                0x00000000200010be       0x30 d:\Data\Document\Peripheral\wch\CH585EVT\EVT\EXAM\BLE\LIB\libCH58xBLE.a(tmos_hw.o)
 .highcode.TMOS_IrqProcessRegister
                0x00000000200010ee        0x6 d:\Data\Document\Peripheral\wch\CH585EVT\EVT\EXAM\BLE\LIB\libCH58xBLE.a(tmos_hw.o)
                0x00000000200010ee                TMOS_IrqProcessRegister
 .highcode.ll_adv_legacy_ind_tx_process
                0x00000000200010f4       0x72 d:\Data\Document\Peripheral\wch\CH585EVT\EVT\EXAM\BLE\LIB\libCH58xBLE.a(ll_advertise.o)
 .highcode.ll_advertise_tx
                0x0000000020001166      0x180 d:\Data\Document\Peripheral\wch\CH585EVT\EVT\EXAM\BLE\LIB\libCH58xBLE.a(ll_advertise.o)
 .highcode.llAdvTraverseallChannel
                0x00000000200012e6       0x30 d:\Data\Document\Peripheral\wch\CH585EVT\EVT\EXAM\BLE\LIB\libCH58xBLE.a(ll_advertise.o)
 .highcode.ll_connect_send_data
                0x0000000020001316       0xf8 d:\Data\Document\Peripheral\wch\CH585EVT\EVT\EXAM\BLE\LIB\libCH58xBLE.a(ll_connect.o)
                0x0000000020001316                ll_connect_send_data
 .highcode.ll_connect_recv_data
                0x000000002000140e       0xd0 d:\Data\Document\Peripheral\wch\CH585EVT\EVT\EXAM\BLE\LIB\libCH58xBLE.a(ll_connect.o)
                0x000000002000140e                ll_connect_recv_data
 .highcode.ll_connect_event_continue
                0x00000000200014de       0xc2 d:\Data\Document\Peripheral\wch\CH585EVT\EVT\EXAM\BLE\LIB\libCH58xBLE.a(ll_connect.o)
                0x00000000200014de                ll_connect_event_continue
 .highcode.ll_wait_connect_event
                0x00000000200015a0        0xe d:\Data\Document\Peripheral\wch\CH585EVT\EVT\EXAM\BLE\LIB\libCH58xBLE.a(ll_connect.o)
                0x00000000200015a0                ll_wait_connect_event
 .highcode.ll_process_connect_event
                0x00000000200015ae       0x58 d:\Data\Document\Peripheral\wch\CH585EVT\EVT\EXAM\BLE\LIB\libCH58xBLE.a(ll_connect.o)
                0x00000000200015ae                ll_process_connect_event
 .highcode.llProcessConnectEvent
                0x0000000020001606       0xce d:\Data\Document\Peripheral\wch\CH585EVT\EVT\EXAM\BLE\LIB\libCH58xBLE.a(ll_connect.o)
 .highcode.LL_HopGetChannel
                0x00000000200016d4       0xa4 d:\Data\Document\Peripheral\wch\CH585EVT\EVT\EXAM\BLE\LIB\libCH58xBLE.a(ll_hop.o)
                0x00000000200016d4                LL_HopGetChannel
 .highcode.LL_HopGetChannel2
                0x0000000020001778      0x270 d:\Data\Document\Peripheral\wch\CH585EVT\EVT\EXAM\BLE\LIB\libCH58xBLE.a(ll_hop.o)
                0x0000000020001778                LL_HopGetChannel2
 .highcode.LL_PeriodicHopGetChannel2
                0x00000000200019e8      0x270 d:\Data\Document\Peripheral\wch\CH585EVT\EVT\EXAM\BLE\LIB\libCH58xBLE.a(ll_hop.o)
                0x00000000200019e8                LL_PeriodicHopGetChannel2
 .highcode.ll_resolvinglist_checkRPA
                0x0000000020001c58       0x7c d:\Data\Document\Peripheral\wch\CH585EVT\EVT\EXAM\BLE\LIB\libCH58xBLE.a(ll_resolvinglist.o)
                0x0000000020001c58                ll_resolvinglist_checkRPA
 .highcode.LL_ResolvinglistPeerIdentifyAddressGetIrk
                0x0000000020001cd4       0x4c d:\Data\Document\Peripheral\wch\CH585EVT\EVT\EXAM\BLE\LIB\libCH58xBLE.a(ll_resolvinglist.o)
                0x0000000020001cd4                LL_ResolvinglistPeerIdentifyAddressGetIrk
 .highcode.LL_ResolvinglistPeerRpaAddressGetIrk
                0x0000000020001d20       0x38 d:\Data\Document\Peripheral\wch\CH585EVT\EVT\EXAM\BLE\LIB\libCH58xBLE.a(ll_resolvinglist.o)
                0x0000000020001d20                LL_ResolvinglistPeerRpaAddressGetIrk
 .highcode.LL_WhitelistLookup
                0x0000000020001d58       0x46 d:\Data\Document\Peripheral\wch\CH585EVT\EVT\EXAM\BLE\LIB\libCH58xBLE.a(ll_whitelist.o)
                0x0000000020001d58                LL_WhitelistLookup
 *fill*         0x0000000020001d9e        0x2 
 .highcode.ble_controller_scheduler
                0x0000000020001da0        0xa d:\Data\Document\Peripheral\wch\CH585EVT\EVT\EXAM\BLE\LIB\libCH58xBLE.a(ble_task_process.o)
 *fill*         0x0000000020001daa        0x2 
 .highcode.LLE_IRQLibHandler
                0x0000000020001dac       0x36 d:\Data\Document\Peripheral\wch\CH585EVT\EVT\EXAM\BLE\LIB\libCH58xBLE.a(ble_task_process.o)
                0x0000000020001dac                LLE_IRQLibHandler
 .highcode.BB_IRQLibHandler
                0x0000000020001de2       0xe0 d:\Data\Document\Peripheral\wch\CH585EVT\EVT\EXAM\BLE\LIB\libCH58xBLE.a(bb.o)
                0x0000000020001de2                BB_IRQLibHandler
 .highcode.BB_IRQLibFunction
                0x0000000020001ec2        0x6 d:\Data\Document\Peripheral\wch\CH585EVT\EVT\EXAM\BLE\LIB\libCH58xBLE.a(bb.o)
                0x0000000020001ec2                BB_IRQLibFunction
 .highcode.lleIrqHandler
                0x0000000020001ec8      0x12e d:\Data\Document\Peripheral\wch\CH585EVT\EVT\EXAM\BLE\LIB\libCH58xBLE.a(ip.o)
 .highcode.ll_rx_wait_finish
                0x0000000020001ff6       0x26 d:\Data\Document\Peripheral\wch\CH585EVT\EVT\EXAM\BLE\LIB\libCH58xBLE.a(ip.o)
                0x0000000020001ff6                ll_rx_wait_finish
 .highcode.ble_ll_chkcrc
                0x000000002000201c       0x9e d:\Data\Document\Peripheral\wch\CH585EVT\EVT\EXAM\BLE\LIB\libCH58xBLE.a(ip.o)
                0x000000002000201c                ble_ll_chkcrc
 .highcode.BLE_SetPHYTxMode
                0x00000000200020ba       0xaa d:\Data\Document\Peripheral\wch\CH585EVT\EVT\EXAM\BLE\LIB\libCH58xBLE.a(ip.o)
                0x00000000200020ba                BLE_SetPHYTxMode
 .highcode.ll_tx_wait_finish
                0x0000000020002164      0x196 d:\Data\Document\Peripheral\wch\CH585EVT\EVT\EXAM\BLE\LIB\libCH58xBLE.a(ip.o)
                0x0000000020002164                ll_tx_wait_finish
 .highcode.BLE_SetPHYRxMode
                0x00000000200022fa       0x88 d:\Data\Document\Peripheral\wch\CH585EVT\EVT\EXAM\BLE\LIB\libCH58xBLE.a(ip.o)
                0x00000000200022fa                BLE_SetPHYRxMode
 .highcode.LLE_IRQSubHandler
                0x0000000020002382       0x18 d:\Data\Document\Peripheral\wch\CH585EVT\EVT\EXAM\BLE\LIB\libCH58xBLE.a(lle.o)
                0x0000000020002382                LLE_IRQSubHandler
 .highcode.RFEND_WaitTune
                0x000000002000239a       0x2a d:\Data\Document\Peripheral\wch\CH585EVT\EVT\EXAM\BLE\LIB\libCH58xBLE.a(rfend.o)
                0x000000002000239a                RFEND_WaitTune
 .highcode.tmos_memory_allocate
                0x00000000200023c4       0xc6 d:\Data\Document\Peripheral\wch\CH585EVT\EVT\EXAM\BLE\LIB\libCH58xBLE.a(memory.o)
                0x00000000200023c4                tmos_memory_allocate
 .highcode.tmos_memory_free
                0x000000002000248a       0xc4 d:\Data\Document\Peripheral\wch\CH585EVT\EVT\EXAM\BLE\LIB\libCH58xBLE.a(memory.o)
                0x000000002000248a                tmos_memory_free
 .highcode.tmos_bm_adjust_header
                0x000000002000254e       0x30 d:\Data\Document\Peripheral\wch\CH585EVT\EVT\EXAM\BLE\LIB\libCH58xBLE.a(memory.o)
                0x000000002000254e                tmos_bm_adjust_header
 .highcode.llProcessPeriEvent
                0x000000002000257e      0x11c d:\Data\Document\Peripheral\wch\CH585EVT\EVT\EXAM\BLE\LIB\libCH58xBLE.a(ll_periodic .o)
 .highcode.llPeriPawrRx
                0x000000002000269a      0x22a d:\Data\Document\Peripheral\wch\CH585EVT\EVT\EXAM\BLE\LIB\libCH58xBLE.a(ll_periodic .o)
 *(.highcode_lp)
 .highcode_lp   0x00000000200028c4      0x2ba d:\Data\Document\Peripheral\wch\CH585EVT\EVT\EXAM\BLE\LIB\libCH58xBLE.a(tmos.o)
                0x00000000200028c4                TMOS_CB_ProcessEvent
                0x0000000020002926                TMOS_CB_PeriodicProcessEvent
                0x00000000200029a4                tmosFindTask
                0x00000000200029be                tmos_start_periodic_callback_task
                0x0000000020002abe                tmos_set_event
                0x0000000020002b04                tmos_update_periodic_callback_timer
 .highcode_lp   0x0000000020002b7e       0x6a d:\Data\Document\Peripheral\wch\CH585EVT\EVT\EXAM\BLE\LIB\libCH58xBLE.a(gattservapp.o)
                0x0000000020002b7e                gattFindServerInfo
                0x0000000020002ba2                GATT_FindHandle
 .highcode_lp   0x0000000020002be8       0x2e d:\Data\Document\Peripheral\wch\CH585EVT\EVT\EXAM\BLE\LIB\libCH58xBLE.a(linkdb.o)
                0x0000000020002be8                linkDB_Find
 .highcode_lp   0x0000000020002c16      0x99c d:\Data\Document\Peripheral\wch\CH585EVT\EVT\EXAM\BLE\LIB\libCH58xBLE.a(ll_advertise.o)
                0x0000000020002c16                ll_advertise_event_closed
                0x0000000020002dc8                ll_advertise_generated_pdu
                0x00000000200031bc                ll_adv_ext_ind_tx_process
 .highcode_lp   0x00000000200035b2      0x60c d:\Data\Document\Peripheral\wch\CH585EVT\EVT\EXAM\BLE\LIB\libCH58xBLE.a(ll_connect.o)
                0x00000000200035b2                ll_connect_start_event
                0x000000002000396a                ll_get_connect_anchorPoint
 .highcode_lp   0x0000000020003bbe      0x21c d:\Data\Document\Peripheral\wch\CH585EVT\EVT\EXAM\BLE\LIB\libCH58xBLE.a(ip.o)
                0x0000000020003bbe                BLE_CheckChannel
                0x0000000020003c8c                ble_ll_hw_api_shut
                0x0000000020003d06                phy_status_clear
 *(.highcode_lp.*)
                0x0000000020003ddc                . = ALIGN (0x4)
 *fill*         0x0000000020003dda        0x2 
                0x0000000020003ddc                PROVIDE (_highcode_vma_end = .)

.text           0x0000000000003de0    0x21ef0
                0x0000000000003de0                . = ALIGN (0x4)
 *(SORT_NONE(.handle_reset))
 .handle_reset  0x0000000000003de0       0x42 ./Startup/startup_CH585.o
                0x0000000000003de0                handle_reset
 *(.text)
 .text          0x0000000000003e22       0x16 d:/software/work/mounriver_studio2/resources/app/resources/win32/components/wch/toolchain/risc-v embedded gcc12/bin/../lib/gcc/riscv-wch-elf/12.2.0/../../../../riscv-wch-elf/lib/rv32imc_zba_zbb_zbc_zbs_xw/ilp32\libg_nano.a(lib_a-memcpy-asm.o)
                0x0000000000003e22                memcpy
 .text          0x0000000000003e38       0x10 d:/software/work/mounriver_studio2/resources/app/resources/win32/components/wch/toolchain/risc-v embedded gcc12/bin/../lib/gcc/riscv-wch-elf/12.2.0/../../../../riscv-wch-elf/lib/rv32imc_zba_zbb_zbc_zbs_xw/ilp32\libg_nano.a(lib_a-memset.o)
                0x0000000000003e38                memset
 *(.text.*)
 .text.ADC_InterTSSampInit
                0x0000000000003e48       0x34 ./StdPeriphDriver/CH58x_adc.o
                0x0000000000003e48                ADC_InterTSSampInit
 .text.HSECFG_Capacitance
                0x0000000000003e7c       0x50 ./StdPeriphDriver/CH58x_clk.o
                0x0000000000003e7c                HSECFG_Capacitance
 .text.LSECFG_Current
                0x0000000000003ecc       0x4e ./StdPeriphDriver/CH58x_clk.o
                0x0000000000003ecc                LSECFG_Current
 .text.RTC_InitTime
                0x0000000000003f1a      0x1c2 ./StdPeriphDriver/CH58x_clk.o
                0x0000000000003f1a                RTC_InitTime
 .text.Calibration_LSI
                0x00000000000040dc      0x8dc ./StdPeriphDriver/CH58x_clk.o
                0x00000000000040dc                Calibration_LSI
 .text.GPIOA_ModeCfg
                0x00000000000049b8       0x82 ./StdPeriphDriver/CH58x_gpio.o
                0x00000000000049b8                GPIOA_ModeCfg
 .text.GPIOPinRemap
                0x0000000000004a3a       0x1c ./StdPeriphDriver/CH58x_gpio.o
                0x0000000000004a3a                GPIOPinRemap
 .text.GetSysClock
                0x0000000000004a56       0x74 ./StdPeriphDriver/CH58x_sys.o
                0x0000000000004a56                GetSysClock
 .text.SYS_GetSysTickCnt
                0x0000000000004aca        0x8 ./StdPeriphDriver/CH58x_sys.o
                0x0000000000004aca                SYS_GetSysTickCnt
 .text._write   0x0000000000004ad2       0x22 ./StdPeriphDriver/CH58x_sys.o
                0x0000000000004ad2                _write
 .text._sbrk    0x0000000000004af4       0x2c ./StdPeriphDriver/CH58x_sys.o
                0x0000000000004af4                _sbrk
 .text.UART0_BaudRateCfg
                0x0000000000004b20       0x2e ./StdPeriphDriver/CH58x_uart0.o
                0x0000000000004b20                UART0_BaudRateCfg
 .text.UART0_DefInit
                0x0000000000004b4e       0x2a ./StdPeriphDriver/CH58x_uart0.o
                0x0000000000004b4e                UART0_DefInit
 .text.battMeasure
                0x0000000000004b78       0x6e ./Profile/battservice.o
 .text.battReadAttrCB
                0x0000000000004be6       0x66 ./Profile/battservice.o
 .text.battWriteAttrCB
                0x0000000000004c4c       0x52 ./Profile/battservice.o
 .text.battNotifyCB
                0x0000000000004c9e       0x60 ./Profile/battservice.o
 .text.Batt_AddService
                0x0000000000004cfe       0x2c ./Profile/battservice.o
                0x0000000000004cfe                Batt_AddService
 .text.Batt_Register
                0x0000000000004d2a        0x6 ./Profile/battservice.o
                0x0000000000004d2a                Batt_Register
 .text.Batt_SetParameter
                0x0000000000004d30       0x34 ./Profile/battservice.o
                0x0000000000004d30                Batt_SetParameter
 .text.Batt_GetParameter
                0x0000000000004d64       0x52 ./Profile/battservice.o
                0x0000000000004d64                Batt_GetParameter
 .text.Batt_MeasLevel
                0x0000000000004db6       0x26 ./Profile/battservice.o
                0x0000000000004db6                Batt_MeasLevel
 .text.Batt_HandleConnStatusCB
                0x0000000000004ddc       0x3e ./Profile/battservice.o
                0x0000000000004ddc                Batt_HandleConnStatusCB
 .text.devInfo_ReadAttrCB
                0x0000000000004e1a      0x162 ./Profile/devinfoservice.o
 .text.DevInfo_AddService
                0x0000000000004f7c       0x18 ./Profile/devinfoservice.o
                0x0000000000004f7c                DevInfo_AddService
 .text.hidDevScanParamCB
                0x0000000000004f94        0x2 ./Profile/hiddev.o
 .text.hidDevRptByHandle
                0x0000000000004f96       0x2a ./Profile/hiddev.o
 .text.hidDevParamUpdateCB
                0x0000000000004fc0       0x12 ./Profile/hiddev.o
 .text.hidDevInitialAdvertising
                0x0000000000004fd2       0x3a ./Profile/hiddev.o
 .text.hidDevBattCB
                0x000000000000500c       0x28 ./Profile/hiddev.o
 .text.hidDevPairStateCB
                0x0000000000005034       0x28 ./Profile/hiddev.o
 .text.hidDevPasscodeCB
                0x000000000000505c       0x36 ./Profile/hiddev.o
 .text.HidDev_ProcessEvent
                0x0000000000005092       0xe0 ./Profile/hiddev.o
                0x0000000000005092                HidDev_ProcessEvent
 .text.hidDevGapStateCB
                0x0000000000005172      0x10a ./Profile/hiddev.o
 .text.HidDev_Init
                0x000000000000527c       0x62 ./Profile/hiddev.o
                0x000000000000527c                HidDev_Init
 .text.HidDev_Register
                0x00000000000052de        0xa ./Profile/hiddev.o
                0x00000000000052de                HidDev_Register
 .text.HidDev_RegisterReports
                0x00000000000052e8        0xa ./Profile/hiddev.o
                0x00000000000052e8                HidDev_RegisterReports
 .text.HidDev_Report
                0x00000000000052f2      0x116 ./Profile/hiddev.o
                0x00000000000052f2                HidDev_Report
 .text.HidDev_ReadAttrCB
                0x0000000000005408       0xf8 ./Profile/hiddev.o
                0x0000000000005408                HidDev_ReadAttrCB
 .text.HidDev_WriteAttrCB
                0x0000000000005500      0x118 ./Profile/hiddev.o
                0x0000000000005500                HidDev_WriteAttrCB
 .text.Hid_AddService
                0x0000000000005618       0x8a ./Profile/hidtouchservice.o
                0x0000000000005618                Hid_AddService
 .text.Hid_SetParameter
                0x00000000000056a2       0x24 ./Profile/hidtouchservice.o
                0x00000000000056a2                Hid_SetParameter
 .text.Hid_GetParameter
                0x00000000000056c6       0x20 ./Profile/hidtouchservice.o
                0x00000000000056c6                Hid_GetParameter
 .text.scanParamReadAttrCB
                0x00000000000056e6        0x4 ./Profile/scanparamservice.o
 .text.scanParamWriteAttrCB
                0x00000000000056ea       0x62 ./Profile/scanparamservice.o
 .text.ScanParam_AddService
                0x000000000000574c       0x2c ./Profile/scanparamservice.o
                0x000000000000574c                ScanParam_AddService
 .text.ScanParam_Register
                0x0000000000005778        0x6 ./Profile/scanparamservice.o
                0x0000000000005778                ScanParam_Register
 .text.ScanParam_RefreshNotify
                0x000000000000577e       0x54 ./Profile/scanparamservice.o
                0x000000000000577e                ScanParam_RefreshNotify
 .text.ScanParam_HandleConnStatusCB
                0x00000000000057d2       0x3e ./Profile/scanparamservice.o
                0x00000000000057d2                ScanParam_HandleConnStatusCB
 .text.Lib_Calibration_LSI
                0x0000000000005810        0x6 ./HAL/MCU.o
                0x0000000000005810                Lib_Calibration_LSI
 .text.Lib_Read_Flash
                0x0000000000005816       0x1c ./HAL/MCU.o
                0x0000000000005816                Lib_Read_Flash
 .text.HAL_GetInterTempValue
                0x0000000000005832       0x72 ./HAL/MCU.o
                0x0000000000005832                HAL_GetInterTempValue
 .text.HAL_ProcessEvent
                0x00000000000058a4       0x7e ./HAL/MCU.o
                0x00000000000058a4                HAL_ProcessEvent
 .text.Lib_Write_Flash_584X
                0x0000000000005922       0x82 ./HAL/MCU.o
                0x0000000000005922                Lib_Write_Flash_584X
 .text.Lib_Write_Flash
                0x00000000000059a4       0x62 ./HAL/MCU.o
                0x00000000000059a4                Lib_Write_Flash
 .text.CH58x_BLEInit
                0x0000000000005a06      0x124 ./HAL/MCU.o
                0x0000000000005a06                CH58x_BLEInit
 .text.HAL_Init
                0x0000000000005b2a       0x2c ./HAL/MCU.o
                0x0000000000005b2a                HAL_Init
 .text.HAL_TimeInit
                0x0000000000005b56       0xd6 ./HAL/RTC.o
                0x0000000000005b56                HAL_TimeInit
 .text.hidEmuEvtCB
                0x0000000000005c2c        0x2 ./APP/hidtouch.o
 .text.hidEmuStateCB
                0x0000000000005c2e       0xf2 ./APP/hidtouch.o
 .text.hidEmuRptCB
                0x0000000000005d20       0x3c ./APP/hidtouch.o
 .text.HidEmu_ProcessEvent
                0x0000000000005d5c      0x100 ./APP/hidtouch.o
                0x0000000000005d5c                HidEmu_ProcessEvent
 .text.HidEmu_Init
                0x0000000000005e5c       0xe0 ./APP/hidtouch.o
                0x0000000000005e5c                HidEmu_Init
 .text.startup.main
                0x0000000000005f3c       0x60 ./APP/hidtouch_main.o
                0x0000000000005f3c                main
 .text.tmos_msg_extract
                0x0000000000005f9c       0x1e d:\Data\Document\Peripheral\wch\CH585EVT\EVT\EXAM\BLE\LIB\libCH58xBLE.a(message.o)
                0x0000000000005f9c                tmos_msg_extract
 .text.tmos_msg_deallocate
                0x0000000000005fba       0x52 d:\Data\Document\Peripheral\wch\CH585EVT\EVT\EXAM\BLE\LIB\libCH58xBLE.a(message.o)
                0x0000000000005fba                tmos_msg_deallocate
 .text.tmos_msg_send
                0x000000000000600c       0x9a d:\Data\Document\Peripheral\wch\CH585EVT\EVT\EXAM\BLE\LIB\libCH58xBLE.a(message.o)
                0x000000000000600c                tmos_msg_send
 .text.tmos_msg_init
                0x00000000000060a6        0x6 d:\Data\Document\Peripheral\wch\CH585EVT\EVT\EXAM\BLE\LIB\libCH58xBLE.a(message.o)
                0x00000000000060a6                tmos_msg_init
 .text.tmos_rand
                0x00000000000060ac       0x66 d:\Data\Document\Peripheral\wch\CH585EVT\EVT\EXAM\BLE\LIB\libCH58xBLE.a(tmos.o)
                0x00000000000060ac                tmos_rand
 .text.tmos_clear_event
                0x0000000000006112       0x40 d:\Data\Document\Peripheral\wch\CH585EVT\EVT\EXAM\BLE\LIB\libCH58xBLE.a(tmos.o)
                0x0000000000006112                tmos_clear_event
 .text.tmos_update_callback_timer
                0x0000000000006152       0xd6 d:\Data\Document\Peripheral\wch\CH585EVT\EVT\EXAM\BLE\LIB\libCH58xBLE.a(tmos.o)
                0x0000000000006152                tmos_update_callback_timer
 .text.tmos_start_task
                0x0000000000006228      0x14c d:\Data\Document\Peripheral\wch\CH585EVT\EVT\EXAM\BLE\LIB\libCH58xBLE.a(tmos.o)
                0x0000000000006228                tmos_start_task
 .text.tmos_start_callback_task
                0x0000000000006374       0xbe d:\Data\Document\Peripheral\wch\CH585EVT\EVT\EXAM\BLE\LIB\libCH58xBLE.a(tmos.o)
                0x0000000000006374                tmos_start_callback_task
 .text.tmos_start_reload_task
                0x0000000000006432       0x80 d:\Data\Document\Peripheral\wch\CH585EVT\EVT\EXAM\BLE\LIB\libCH58xBLE.a(tmos.o)
                0x0000000000006432                tmos_start_reload_task
 .text.tmos_stop_task
                0x00000000000064b2       0x92 d:\Data\Document\Peripheral\wch\CH585EVT\EVT\EXAM\BLE\LIB\libCH58xBLE.a(tmos.o)
                0x00000000000064b2                tmos_stop_task
 .text.tmos_stop_callback_task
                0x0000000000006544       0x7c d:\Data\Document\Peripheral\wch\CH585EVT\EVT\EXAM\BLE\LIB\libCH58xBLE.a(tmos.o)
                0x0000000000006544                tmos_stop_callback_task
 .text.tmos_get_task_timer
                0x00000000000065c0       0x7e d:\Data\Document\Peripheral\wch\CH585EVT\EVT\EXAM\BLE\LIB\libCH58xBLE.a(tmos.o)
                0x00000000000065c0                tmos_get_task_timer
 .text.TMOS_TimerRegister
                0x000000000000663e       0x1a d:\Data\Document\Peripheral\wch\CH585EVT\EVT\EXAM\BLE\LIB\libCH58xBLE.a(tmos.o)
                0x000000000000663e                TMOS_TimerRegister
 .text.TMOS_Init
                0x0000000000006658      0x10c d:\Data\Document\Peripheral\wch\CH585EVT\EVT\EXAM\BLE\LIB\libCH58xBLE.a(tmos.o)
                0x0000000000006658                TMOS_Init
 .text.TMOS_ProcessEventRegister
                0x0000000000006764       0x2a d:\Data\Document\Peripheral\wch\CH585EVT\EVT\EXAM\BLE\LIB\libCH58xBLE.a(tmos.o)
                0x0000000000006764                TMOS_ProcessEventRegister
 .text.BLE_LibInit
                0x000000000000678e       0xf4 d:\Data\Document\Peripheral\wch\CH585EVT\EVT\EXAM\BLE\LIB\libCH58xBLE.a(tmos.o)
                0x000000000000678e                BLE_LibInit
 .text.clockGetTickValve
                0x0000000000006882       0x80 d:\Data\Document\Peripheral\wch\CH585EVT\EVT\EXAM\BLE\LIB\libCH58xBLE.a(tmos_hw.o)
 .text.ll_get_sca_divisor
                0x0000000000006902       0x40 d:\Data\Document\Peripheral\wch\CH585EVT\EVT\EXAM\BLE\LIB\libCH58xBLE.a(tmos_hw.o)
                0x0000000000006902                ll_get_sca_divisor
 .text.ll_get_sca_own
                0x0000000000006942       0x46 d:\Data\Document\Peripheral\wch\CH585EVT\EVT\EXAM\BLE\LIB\libCH58xBLE.a(tmos_hw.o)
                0x0000000000006942                ll_get_sca_own
 .text.ble_ll_common_rand8
                0x0000000000006988       0x28 d:\Data\Document\Peripheral\wch\CH585EVT\EVT\EXAM\BLE\LIB\libCH58xBLE.a(tmos_hw.o)
                0x0000000000006988                ble_ll_common_rand8
 .text.ble_ll_common_rand16
                0x00000000000069b0       0x28 d:\Data\Document\Peripheral\wch\CH585EVT\EVT\EXAM\BLE\LIB\libCH58xBLE.a(tmos_hw.o)
                0x00000000000069b0                ble_ll_common_rand16
 .text.ble_ll_common_rand32
                0x00000000000069d8       0x22 d:\Data\Document\Peripheral\wch\CH585EVT\EVT\EXAM\BLE\LIB\libCH58xBLE.a(tmos_hw.o)
                0x00000000000069d8                ble_ll_common_rand32
 .text.TMOS_TempSample
                0x00000000000069fa       0x5c d:\Data\Document\Peripheral\wch\CH585EVT\EVT\EXAM\BLE\LIB\libCH58xBLE.a(tmos_hw.o)
                0x00000000000069fa                TMOS_TempSample
 .text.TMOS_TimerInit
                0x0000000000006a56       0xe0 d:\Data\Document\Peripheral\wch\CH585EVT\EVT\EXAM\BLE\LIB\libCH58xBLE.a(tmos_hw.o)
                0x0000000000006a56                TMOS_TimerInit
 .text.tmos_snv_init
                0x0000000000006b36       0xa6 d:\Data\Document\Peripheral\wch\CH585EVT\EVT\EXAM\BLE\LIB\libCH58xBLE.a(tmos_snv.o)
                0x0000000000006b36                tmos_snv_init
 .text.tmos_snv_read
                0x0000000000006bdc      0x20e d:\Data\Document\Peripheral\wch\CH585EVT\EVT\EXAM\BLE\LIB\libCH58xBLE.a(tmos_snv.o)
                0x0000000000006bdc                tmos_snv_read
 .text.tmos_snv_notify
                0x0000000000006dea       0x54 d:\Data\Document\Peripheral\wch\CH585EVT\EVT\EXAM\BLE\LIB\libCH58xBLE.a(tmos_snv.o)
                0x0000000000006dea                tmos_snv_notify
 .text.tmos_snv_write
                0x0000000000006e3e      0x25e d:\Data\Document\Peripheral\wch\CH585EVT\EVT\EXAM\BLE\LIB\libCH58xBLE.a(tmos_snv.o)
                0x0000000000006e3e                tmos_snv_write
 .text.tmos_snv_compact
                0x000000000000709c        0x4 d:\Data\Document\Peripheral\wch\CH585EVT\EVT\EXAM\BLE\LIB\libCH58xBLE.a(tmos_snv.o)
                0x000000000000709c                tmos_snv_compact
 .text.disconnectNext
                0x00000000000070a0       0x20 d:\Data\Document\Peripheral\wch\CH585EVT\EVT\EXAM\BLE\LIB\libCH58xBLE.a(gap.o)
 .text.GAP_ParamInit
                0x00000000000070c0       0xec d:\Data\Document\Peripheral\wch\CH585EVT\EVT\EXAM\BLE\LIB\libCH58xBLE.a(gap.o)
                0x00000000000070c0                GAP_ParamInit
 .text.sendTerminateEvent
                0x00000000000071ac       0x62 d:\Data\Document\Peripheral\wch\CH585EVT\EVT\EXAM\BLE\LIB\libCH58xBLE.a(gap.o)
                0x00000000000071ac                sendTerminateEvent
 .text.gapRegisterCentral
                0x000000000000720e        0x6 d:\Data\Document\Peripheral\wch\CH585EVT\EVT\EXAM\BLE\LIB\libCH58xBLE.a(gap.o)
                0x000000000000720e                gapRegisterCentral
 .text.gapRegisterCentralConn
                0x0000000000007214        0x6 d:\Data\Document\Peripheral\wch\CH585EVT\EVT\EXAM\BLE\LIB\libCH58xBLE.a(gap.o)
                0x0000000000007214                gapRegisterCentralConn
 .text.gapRegisterPeripheral
                0x000000000000721a        0x6 d:\Data\Document\Peripheral\wch\CH585EVT\EVT\EXAM\BLE\LIB\libCH58xBLE.a(gap.o)
                0x000000000000721a                gapRegisterPeripheral
 .text.gapRegisterPeripheralConn
                0x0000000000007220        0x6 d:\Data\Document\Peripheral\wch\CH585EVT\EVT\EXAM\BLE\LIB\libCH58xBLE.a(gap.o)
                0x0000000000007220                gapRegisterPeripheralConn
 .text.smGenerateRandBuf
                0x0000000000007226       0x54 d:\Data\Document\Peripheral\wch\CH585EVT\EVT\EXAM\BLE\LIB\libCH58xBLE.a(gap.o)
                0x0000000000007226                smGenerateRandBuf
 .text.gapL2capConnParamUpdateReq
                0x000000000000727a       0x34 d:\Data\Document\Peripheral\wch\CH585EVT\EVT\EXAM\BLE\LIB\libCH58xBLE.a(gap.o)
                0x000000000000727a                gapL2capConnParamUpdateReq
 .text.gapValidADType
                0x00000000000072ae       0x16 d:\Data\Document\Peripheral\wch\CH585EVT\EVT\EXAM\BLE\LIB\libCH58xBLE.a(gap.o)
                0x00000000000072ae                gapValidADType
 .text.gapFindADType
                0x00000000000072c4       0x8a d:\Data\Document\Peripheral\wch\CH585EVT\EVT\EXAM\BLE\LIB\libCH58xBLE.a(gap.o)
                0x00000000000072c4                gapFindADType
 .text.GAP_SecParamsInit
                0x000000000000734e       0x96 d:\Data\Document\Peripheral\wch\CH585EVT\EVT\EXAM\BLE\LIB\libCH58xBLE.a(gap.o)
                0x000000000000734e                GAP_SecParamsInit
 .text.GAP_ParamsInit
                0x00000000000073e4       0x54 d:\Data\Document\Peripheral\wch\CH585EVT\EVT\EXAM\BLE\LIB\libCH58xBLE.a(gap.o)
                0x00000000000073e4                GAP_ParamsInit
 .text.gapAddAddrAdj
                0x0000000000007438       0x3a d:\Data\Document\Peripheral\wch\CH585EVT\EVT\EXAM\BLE\LIB\libCH58xBLE.a(gap.o)
                0x0000000000007438                gapAddAddrAdj
 .text.gapDetermineAddrType
                0x0000000000007472       0x26 d:\Data\Document\Peripheral\wch\CH585EVT\EVT\EXAM\BLE\LIB\libCH58xBLE.a(gap.o)
                0x0000000000007472                gapDetermineAddrType
 .text.gapFreeAuthLink
                0x0000000000007498       0x4a d:\Data\Document\Peripheral\wch\CH585EVT\EVT\EXAM\BLE\LIB\libCH58xBLE.a(gap.o)
                0x0000000000007498                gapFreeAuthLink
 .text.gapGetDevAddress
                0x00000000000074e2       0x24 d:\Data\Document\Peripheral\wch\CH585EVT\EVT\EXAM\BLE\LIB\libCH58xBLE.a(gap.o)
                0x00000000000074e2                gapGetDevAddress
 .text.gapGetDevAddressMode
                0x0000000000007506        0xa d:\Data\Document\Peripheral\wch\CH585EVT\EVT\EXAM\BLE\LIB\libCH58xBLE.a(gap.o)
                0x0000000000007506                gapGetDevAddressMode
 .text.gapGetIRK
                0x0000000000007510        0xa d:\Data\Document\Peripheral\wch\CH585EVT\EVT\EXAM\BLE\LIB\libCH58xBLE.a(gap.o)
                0x0000000000007510                gapGetIRK
 .text.gapGetSRK
                0x000000000000751a        0xa d:\Data\Document\Peripheral\wch\CH585EVT\EVT\EXAM\BLE\LIB\libCH58xBLE.a(gap.o)
                0x000000000000751a                gapGetSRK
 .text.gapGetSignCounter
                0x0000000000007524        0xc d:\Data\Document\Peripheral\wch\CH585EVT\EVT\EXAM\BLE\LIB\libCH58xBLE.a(gap.o)
                0x0000000000007524                gapGetSignCounter
 .text.gapIncSignCounter
                0x0000000000007530       0x26 d:\Data\Document\Peripheral\wch\CH585EVT\EVT\EXAM\BLE\LIB\libCH58xBLE.a(gap.o)
                0x0000000000007530                gapIncSignCounter
 .text.gapProcessConnEvt
                0x0000000000007556       0x3e d:\Data\Document\Peripheral\wch\CH585EVT\EVT\EXAM\BLE\LIB\libCH58xBLE.a(gap.o)
                0x0000000000007556                gapProcessConnEvt
 .text.gapProcessDisconnectCompleteEvt
                0x0000000000007594       0x9e d:\Data\Document\Peripheral\wch\CH585EVT\EVT\EXAM\BLE\LIB\libCH58xBLE.a(gap.o)
                0x0000000000007594                gapProcessDisconnectCompleteEvt
 .text.sendAuthEvent
                0x0000000000007632      0x128 d:\Data\Document\Peripheral\wch\CH585EVT\EVT\EXAM\BLE\LIB\libCH58xBLE.a(gap.o)
                0x0000000000007632                sendAuthEvent
 .text.gapSendBondCompleteEvent
                0x000000000000775a       0x78 d:\Data\Document\Peripheral\wch\CH585EVT\EVT\EXAM\BLE\LIB\libCH58xBLE.a(gap.o)
                0x000000000000775a                gapSendBondCompleteEvent
 .text.gapSendPairingReqEvent
                0x00000000000077d2       0xb2 d:\Data\Document\Peripheral\wch\CH585EVT\EVT\EXAM\BLE\LIB\libCH58xBLE.a(gap.o)
                0x00000000000077d2                gapSendPairingReqEvent
 .text.gapSendSlaveSecurityReqEvent
                0x0000000000007884       0x6c d:\Data\Document\Peripheral\wch\CH585EVT\EVT\EXAM\BLE\LIB\libCH58xBLE.a(gap.o)
                0x0000000000007884                gapSendSlaveSecurityReqEvent
 .text.gapSendDeviceInitDoneEvent
                0x00000000000078f0       0x74 d:\Data\Document\Peripheral\wch\CH585EVT\EVT\EXAM\BLE\LIB\libCH58xBLE.a(gap.o)
                0x00000000000078f0                gapSendDeviceInitDoneEvent
 .text.gapSendLinkUpdateEvent
                0x0000000000007964       0xb0 d:\Data\Document\Peripheral\wch\CH585EVT\EVT\EXAM\BLE\LIB\libCH58xBLE.a(gap.o)
                0x0000000000007964                gapSendLinkUpdateEvent
 .text.gapSendPhyUpdateEvent
                0x0000000000007a14       0x4c d:\Data\Document\Peripheral\wch\CH585EVT\EVT\EXAM\BLE\LIB\libCH58xBLE.a(gap.o)
                0x0000000000007a14                gapSendPhyUpdateEvent
 .text.gapSendPeriodicAdvSyncTransferReceivedEvent
                0x0000000000007a60       0x92 d:\Data\Document\Peripheral\wch\CH585EVT\EVT\EXAM\BLE\LIB\libCH58xBLE.a(gap.o)
                0x0000000000007a60                gapSendPeriodicAdvSyncTransferReceivedEvent
 .text.gapSendEstLinkEvent
                0x0000000000007af2       0x8a d:\Data\Document\Peripheral\wch\CH585EVT\EVT\EXAM\BLE\LIB\libCH58xBLE.a(gap.o)
                0x0000000000007af2                gapSendEstLinkEvent
 .text.gapProcessNewAddr
                0x0000000000007b7c       0x44 d:\Data\Document\Peripheral\wch\CH585EVT\EVT\EXAM\BLE\LIB\libCH58xBLE.a(gap.o)
                0x0000000000007b7c                gapProcessNewAddr
 .text.gapProcessRandomAddrComplete
                0x0000000000007bc0       0x82 d:\Data\Document\Peripheral\wch\CH585EVT\EVT\EXAM\BLE\LIB\libCH58xBLE.a(gap.o)
                0x0000000000007bc0                gapProcessRandomAddrComplete
 .text.GAP_Authenticate
                0x0000000000007c42       0xe0 d:\Data\Document\Peripheral\wch\CH585EVT\EVT\EXAM\BLE\LIB\libCH58xBLE.a(gap.o)
                0x0000000000007c42                GAP_Authenticate
 .text.GAP_Bond
                0x0000000000007d22       0xa4 d:\Data\Document\Peripheral\wch\CH585EVT\EVT\EXAM\BLE\LIB\libCH58xBLE.a(gap.o)
                0x0000000000007d22                GAP_Bond
 .text.GAP_GetParamValue
                0x0000000000007dc6       0x1e d:\Data\Document\Peripheral\wch\CH585EVT\EVT\EXAM\BLE\LIB\libCH58xBLE.a(gap.o)
                0x0000000000007dc6                GAP_GetParamValue
 .text.GAP_PasscodeUpdate
                0x0000000000007de4       0x54 d:\Data\Document\Peripheral\wch\CH585EVT\EVT\EXAM\BLE\LIB\libCH58xBLE.a(gap.o)
                0x0000000000007de4                GAP_PasscodeUpdate
 .text.GAP_RegisterForMsgs
                0x0000000000007e38        0xa d:\Data\Document\Peripheral\wch\CH585EVT\EVT\EXAM\BLE\LIB\libCH58xBLE.a(gap.o)
                0x0000000000007e38                GAP_RegisterForMsgs
 .text.GAP_ResolvePrivateAddr
                0x0000000000007e42        0x4 d:\Data\Document\Peripheral\wch\CH585EVT\EVT\EXAM\BLE\LIB\libCH58xBLE.a(gap.o)
                0x0000000000007e42                GAP_ResolvePrivateAddr
 .text.gapPairingCompleteCB
                0x0000000000007e46      0x1de d:\Data\Document\Peripheral\wch\CH585EVT\EVT\EXAM\BLE\LIB\libCH58xBLE.a(gap.o)
                0x0000000000007e46                gapPairingCompleteCB
 .text.gapPasskeyNeededCB
                0x0000000000008024       0x8e d:\Data\Document\Peripheral\wch\CH585EVT\EVT\EXAM\BLE\LIB\libCH58xBLE.a(gap.o)
                0x0000000000008024                gapPasskeyNeededCB
 .text.gapOobNeededCB
                0x00000000000080b2       0xac d:\Data\Document\Peripheral\wch\CH585EVT\EVT\EXAM\BLE\LIB\libCH58xBLE.a(gap.o)
                0x00000000000080b2                gapOobNeededCB
 .text.gapFreeEstLink
                0x000000000000815e       0x1e d:\Data\Document\Peripheral\wch\CH585EVT\EVT\EXAM\BLE\LIB\libCH58xBLE.a(gap.o)
                0x000000000000815e                gapFreeEstLink
 .text.gapUpdateConnSignCounter
                0x000000000000817c       0x7a d:\Data\Document\Peripheral\wch\CH585EVT\EVT\EXAM\BLE\LIB\libCH58xBLE.a(gap.o)
                0x000000000000817c                gapUpdateConnSignCounter
 .text.GAP_SendSlaveSecurityRequest
                0x00000000000081f6       0x4a d:\Data\Document\Peripheral\wch\CH585EVT\EVT\EXAM\BLE\LIB\libCH58xBLE.a(gap.o)
                0x00000000000081f6                GAP_SendSlaveSecurityRequest
 .text.GAP_Signable
                0x0000000000008240       0x6a d:\Data\Document\Peripheral\wch\CH585EVT\EVT\EXAM\BLE\LIB\libCH58xBLE.a(gap.o)
                0x0000000000008240                GAP_Signable
 .text.GAP_TerminateAuth
                0x00000000000082aa       0x2e d:\Data\Document\Peripheral\wch\CH585EVT\EVT\EXAM\BLE\LIB\libCH58xBLE.a(gap.o)
                0x00000000000082aa                GAP_TerminateAuth
 .text.GAP_NumActiveConnections
                0x00000000000082d8        0x4 d:\Data\Document\Peripheral\wch\CH585EVT\EVT\EXAM\BLE\LIB\libCH58xBLE.a(gap.o)
                0x00000000000082d8                GAP_NumActiveConnections
 .text.GAP_TerminateLinkReq
                0x00000000000082dc       0x88 d:\Data\Document\Peripheral\wch\CH585EVT\EVT\EXAM\BLE\LIB\libCH58xBLE.a(gap.o)
                0x00000000000082dc                GAP_TerminateLinkReq
 .text.GAP_SetParamValue
                0x0000000000008364       0x6a d:\Data\Document\Peripheral\wch\CH585EVT\EVT\EXAM\BLE\LIB\libCH58xBLE.a(gap.o)
                0x0000000000008364                GAP_SetParamValue
 .text.GAP_Init
                0x00000000000083ce       0x42 d:\Data\Document\Peripheral\wch\CH585EVT\EVT\EXAM\BLE\LIB\libCH58xBLE.a(gap.o)
                0x00000000000083ce                GAP_Init
 .text.GAP_ProcessEvent
                0x0000000000008410      0x5e8 d:\Data\Document\Peripheral\wch\CH585EVT\EVT\EXAM\BLE\LIB\libCH58xBLE.a(gap.o)
                0x0000000000008410                GAP_ProcessEvent
 .text.gapSendScanEnable
                0x00000000000089f8       0x3a d:\Data\Document\Peripheral\wch\CH585EVT\EVT\EXAM\BLE\LIB\libCH58xBLE.a(gap_central.o)
 .text.gapCentProcessConnEvt
                0x0000000000008a32      0x150 d:\Data\Document\Peripheral\wch\CH585EVT\EVT\EXAM\BLE\LIB\libCH58xBLE.a(gap_central.o)
                0x0000000000008a32                gapCentProcessConnEvt
 .text.gapProcessScanningPeriodicAdvEvt
                0x0000000000008b82       0x8a d:\Data\Document\Peripheral\wch\CH585EVT\EVT\EXAM\BLE\LIB\libCH58xBLE.a(gap_central.o)
                0x0000000000008b82                gapProcessScanningPeriodicAdvEvt
 .text.gapCancelLinkReq
                0x0000000000008c0c       0x32 d:\Data\Document\Peripheral\wch\CH585EVT\EVT\EXAM\BLE\LIB\libCH58xBLE.a(gap_central.o)
                0x0000000000008c0c                gapCancelLinkReq
 .text.gapProcessAdvertDevInfo
                0x0000000000008c3e      0x20c d:\Data\Document\Peripheral\wch\CH585EVT\EVT\EXAM\BLE\LIB\libCH58xBLE.a(gap_central.o)
                0x0000000000008c3e                gapProcessAdvertDevInfo
 .text.gapProcessExtAdvertDevInfo
                0x0000000000008e4a      0x234 d:\Data\Document\Peripheral\wch\CH585EVT\EVT\EXAM\BLE\LIB\libCH58xBLE.a(gap_central.o)
                0x0000000000008e4a                gapProcessExtAdvertDevInfo
 .text.gapProcessPeriodicAdvertisingSyncEstablishedEvt
                0x000000000000907e       0xa0 d:\Data\Document\Peripheral\wch\CH585EVT\EVT\EXAM\BLE\LIB\libCH58xBLE.a(gap_central.o)
                0x000000000000907e                gapProcessPeriodicAdvertisingSyncEstablishedEvt
 .text.gapProcessPeriodicAdvertisingSyncLostEvt
                0x000000000000911e       0x52 d:\Data\Document\Peripheral\wch\CH585EVT\EVT\EXAM\BLE\LIB\libCH58xBLE.a(gap_central.o)
                0x000000000000911e                gapProcessPeriodicAdvertisingSyncLostEvt
 .text.gapFreeScanRecs
                0x0000000000009170       0xa2 d:\Data\Document\Peripheral\wch\CH585EVT\EVT\EXAM\BLE\LIB\libCH58xBLE.a(gap_central.o)
                0x0000000000009170                gapFreeScanRecs
 .text.gapSendDevDiscEvent
                0x0000000000009212      0x126 d:\Data\Document\Peripheral\wch\CH585EVT\EVT\EXAM\BLE\LIB\libCH58xBLE.a(gap_central.o)
                0x0000000000009212                gapSendDevDiscEvent
 .text.gapSetScanParamStatus
                0x0000000000009338       0x52 d:\Data\Document\Peripheral\wch\CH585EVT\EVT\EXAM\BLE\LIB\libCH58xBLE.a(gap_central.o)
 .text.gapCentProcessHCICmdEvt
                0x000000000000938a       0x38 d:\Data\Document\Peripheral\wch\CH585EVT\EVT\EXAM\BLE\LIB\libCH58xBLE.a(gap_central.o)
                0x000000000000938a                gapCentProcessHCICmdEvt
 .text.gapProcessScanningEvt
                0x00000000000093c2       0xea d:\Data\Document\Peripheral\wch\CH585EVT\EVT\EXAM\BLE\LIB\libCH58xBLE.a(gap_central.o)
                0x00000000000093c2                gapProcessScanningEvt
 .text.gapProcessScanningDirectEvt
                0x00000000000094ac       0xf0 d:\Data\Document\Peripheral\wch\CH585EVT\EVT\EXAM\BLE\LIB\libCH58xBLE.a(gap_central.o)
                0x00000000000094ac                gapProcessScanningDirectEvt
 .text.gapProcessScanningExtAdvEvt
                0x000000000000959c      0x276 d:\Data\Document\Peripheral\wch\CH585EVT\EVT\EXAM\BLE\LIB\libCH58xBLE.a(gap_central.o)
                0x000000000000959c                gapProcessScanningExtAdvEvt
 .text.GAP_CentConnRegister
                0x0000000000009812       0x16 d:\Data\Document\Peripheral\wch\CH585EVT\EVT\EXAM\BLE\LIB\libCH58xBLE.a(gap_central.o)
                0x0000000000009812                GAP_CentConnRegister
 .text.GAP_CentralParamInit
                0x0000000000009828       0x6a d:\Data\Document\Peripheral\wch\CH585EVT\EVT\EXAM\BLE\LIB\libCH58xBLE.a(gap_central.o)
                0x0000000000009828                GAP_CentralParamInit
 .text.GAP_CentDevMgrInit
                0x0000000000009892       0x96 d:\Data\Document\Peripheral\wch\CH585EVT\EVT\EXAM\BLE\LIB\libCH58xBLE.a(gap_central.o)
                0x0000000000009892                GAP_CentDevMgrInit
 .text.gapFreeAdvertState
                0x0000000000009928       0x1e d:\Data\Document\Peripheral\wch\CH585EVT\EVT\EXAM\BLE\LIB\libCH58xBLE.a(gap_peripheral.o)
 .text.gapSetPeriodicAdvParams
                0x0000000000009946       0x30 d:\Data\Document\Peripheral\wch\CH585EVT\EVT\EXAM\BLE\LIB\libCH58xBLE.a(gap_peripheral.o)
 .text.gapSetConnectionlessCTEParams
                0x0000000000009976       0x54 d:\Data\Document\Peripheral\wch\CH585EVT\EVT\EXAM\BLE\LIB\libCH58xBLE.a(gap_peripheral.o)
 .text.gapPeriProcessConnEvt
                0x00000000000099ca       0xc4 d:\Data\Document\Peripheral\wch\CH585EVT\EVT\EXAM\BLE\LIB\libCH58xBLE.a(gap_peripheral.o)
 .text.gapSetAdvParams
                0x0000000000009a8e      0x102 d:\Data\Document\Peripheral\wch\CH585EVT\EVT\EXAM\BLE\LIB\libCH58xBLE.a(gap_peripheral.o)
 .text.gapWriteAdvDataStatus
                0x0000000000009b90       0x8c d:\Data\Document\Peripheral\wch\CH585EVT\EVT\EXAM\BLE\LIB\libCH58xBLE.a(gap_peripheral.o)
 .text.GAP_MakeDiscoverable
                0x0000000000009c1c      0x148 d:\Data\Document\Peripheral\wch\CH585EVT\EVT\EXAM\BLE\LIB\libCH58xBLE.a(gap_peripheral.o)
                0x0000000000009c1c                GAP_MakeDiscoverable
 .text.GAP_EndDiscoverable
                0x0000000000009d64       0x64 d:\Data\Document\Peripheral\wch\CH585EVT\EVT\EXAM\BLE\LIB\libCH58xBLE.a(gap_peripheral.o)
                0x0000000000009d64                GAP_EndDiscoverable
 .text.gapProcessAdvertisingEvt
                0x0000000000009dc8      0x11a d:\Data\Document\Peripheral\wch\CH585EVT\EVT\EXAM\BLE\LIB\libCH58xBLE.a(gap_peripheral.o)
 .text.GAP_MakePeriodic
                0x0000000000009ee2       0x24 d:\Data\Document\Peripheral\wch\CH585EVT\EVT\EXAM\BLE\LIB\libCH58xBLE.a(gap_peripheral.o)
                0x0000000000009ee2                GAP_MakePeriodic
 .text.GAP_EndPeriodic
                0x0000000000009f06        0xc d:\Data\Document\Peripheral\wch\CH585EVT\EVT\EXAM\BLE\LIB\libCH58xBLE.a(gap_peripheral.o)
                0x0000000000009f06                GAP_EndPeriodic
 .text.GAP_MakeConnecttionlessCTE
                0x0000000000009f12       0x1a d:\Data\Document\Peripheral\wch\CH585EVT\EVT\EXAM\BLE\LIB\libCH58xBLE.a(gap_peripheral.o)
                0x0000000000009f12                GAP_MakeConnecttionlessCTE
 .text.GAP_EndConnecttionlessCTE
                0x0000000000009f2c        0xc d:\Data\Document\Peripheral\wch\CH585EVT\EVT\EXAM\BLE\LIB\libCH58xBLE.a(gap_peripheral.o)
                0x0000000000009f2c                GAP_EndConnecttionlessCTE
 .text.GAP_SetAdvertisingAdvData
                0x0000000000009f38       0xc6 d:\Data\Document\Peripheral\wch\CH585EVT\EVT\EXAM\BLE\LIB\libCH58xBLE.a(gap_peripheral.o)
                0x0000000000009f38                GAP_SetAdvertisingAdvData
 .text.GAP_SetAdvertisingRspData
                0x0000000000009ffe       0xc6 d:\Data\Document\Peripheral\wch\CH585EVT\EVT\EXAM\BLE\LIB\libCH58xBLE.a(gap_peripheral.o)
                0x0000000000009ffe                GAP_SetAdvertisingRspData
 .text.GAP_SetPeriodicAdvertisingData
                0x000000000000a0c4       0xc0 d:\Data\Document\Peripheral\wch\CH585EVT\EVT\EXAM\BLE\LIB\libCH58xBLE.a(gap_peripheral.o)
                0x000000000000a0c4                GAP_SetPeriodicAdvertisingData
 .text.GAP_GetAdvertisingAdvData
                0x000000000000a184       0x22 d:\Data\Document\Peripheral\wch\CH585EVT\EVT\EXAM\BLE\LIB\libCH58xBLE.a(gap_peripheral.o)
                0x000000000000a184                GAP_GetAdvertisingAdvData
 .text.GAP_GetAdvertisingRspData
                0x000000000000a1a6       0x2e d:\Data\Document\Peripheral\wch\CH585EVT\EVT\EXAM\BLE\LIB\libCH58xBLE.a(gap_peripheral.o)
                0x000000000000a1a6                GAP_GetAdvertisingRspData
 .text.GAP_GetPeriodicAdvertisingData
                0x000000000000a1d4       0x2e d:\Data\Document\Peripheral\wch\CH585EVT\EVT\EXAM\BLE\LIB\libCH58xBLE.a(gap_peripheral.o)
                0x000000000000a1d4                GAP_GetPeriodicAdvertisingData
 .text.GAP_ConfigDeviceAddr
                0x000000000000a202      0x122 d:\Data\Document\Peripheral\wch\CH585EVT\EVT\EXAM\BLE\LIB\libCH58xBLE.a(gap_peripheral.o)
                0x000000000000a202                GAP_ConfigDeviceAddr
 .text.GAP_PeriConnRegister
                0x000000000000a324       0x2e d:\Data\Document\Peripheral\wch\CH585EVT\EVT\EXAM\BLE\LIB\libCH58xBLE.a(gap_peripheral.o)
                0x000000000000a324                GAP_PeriConnRegister
 .text.GAP_PeripheralParamInit
                0x000000000000a352       0x6c d:\Data\Document\Peripheral\wch\CH585EVT\EVT\EXAM\BLE\LIB\libCH58xBLE.a(gap_peripheral.o)
                0x000000000000a352                GAP_PeripheralParamInit
 .text.gapSendMakeDiscEvent
                0x000000000000a3be       0x4c d:\Data\Document\Peripheral\wch\CH585EVT\EVT\EXAM\BLE\LIB\libCH58xBLE.a(gap_peripheral.o)
                0x000000000000a3be                gapSendMakeDiscEvent
 .text.gapWriteAdvEnableStatus
                0x000000000000a40a       0xf6 d:\Data\Document\Peripheral\wch\CH585EVT\EVT\EXAM\BLE\LIB\libCH58xBLE.a(gap_peripheral.o)
 .text.gapSendMakePeriodicEvent
                0x000000000000a500       0x38 d:\Data\Document\Peripheral\wch\CH585EVT\EVT\EXAM\BLE\LIB\libCH58xBLE.a(gap_peripheral.o)
                0x000000000000a500                gapSendMakePeriodicEvent
 .text.gapSendMakeConnectionlessCTEEvent
                0x000000000000a538       0x38 d:\Data\Document\Peripheral\wch\CH585EVT\EVT\EXAM\BLE\LIB\libCH58xBLE.a(gap_peripheral.o)
                0x000000000000a538                gapSendMakeConnectionlessCTEEvent
 .text.gapPeriProcessHCICmdCompleteEvt
                0x000000000000a570      0x1fa d:\Data\Document\Peripheral\wch\CH585EVT\EVT\EXAM\BLE\LIB\libCH58xBLE.a(gap_peripheral.o)
 .text.GAP_PeriDevMgrInit
                0x000000000000a76a       0x32 d:\Data\Document\Peripheral\wch\CH585EVT\EVT\EXAM\BLE\LIB\libCH58xBLE.a(gap_peripheral.o)
                0x000000000000a76a                GAP_PeriDevMgrInit
 .text.ggs_SetAttrWPermit
                0x000000000000a79c       0x6a d:\Data\Document\Peripheral\wch\CH585EVT\EVT\EXAM\BLE\LIB\libCH58xBLE.a(gapgattserver.o)
 .text.ggs_ReadAttrCB
                0x000000000000a806      0x11c d:\Data\Document\Peripheral\wch\CH585EVT\EVT\EXAM\BLE\LIB\libCH58xBLE.a(gapgattserver.o)
 .text.ggs_WriteAttrCB
                0x000000000000a922      0x160 d:\Data\Document\Peripheral\wch\CH585EVT\EVT\EXAM\BLE\LIB\libCH58xBLE.a(gapgattserver.o)
 .text.GGS_ParamInit
                0x000000000000aa82       0xc6 d:\Data\Document\Peripheral\wch\CH585EVT\EVT\EXAM\BLE\LIB\libCH58xBLE.a(gapgattserver.o)
                0x000000000000aa82                GGS_ParamInit
 .text.GGS_SetParameter
                0x000000000000ab48      0x1d2 d:\Data\Document\Peripheral\wch\CH585EVT\EVT\EXAM\BLE\LIB\libCH58xBLE.a(gapgattserver.o)
                0x000000000000ab48                GGS_SetParameter
 .text.GGS_AddService
                0x000000000000ad1a      0x302 d:\Data\Document\Peripheral\wch\CH585EVT\EVT\EXAM\BLE\LIB\libCH58xBLE.a(gapgattserver.o)
                0x000000000000ad1a                GGS_AddService
 .text.GAP_DeviceInit
                0x000000000000b01c       0xca d:\Data\Document\Peripheral\wch\CH585EVT\EVT\EXAM\BLE\LIB\libCH58xBLE.a(gapgattserver.o)
                0x000000000000b01c                GAP_DeviceInit
 .text.gattGetPayload
                0x000000000000b0e6       0x4e d:\Data\Document\Peripheral\wch\CH585EVT\EVT\EXAM\BLE\LIB\libCH58xBLE.a(gatt.o)
                0x000000000000b0e6                gattGetPayload
 .text.gattNotifyEvent
                0x000000000000b134       0x86 d:\Data\Document\Peripheral\wch\CH585EVT\EVT\EXAM\BLE\LIB\libCH58xBLE.a(gatt.o)
                0x000000000000b134                gattNotifyEvent
 .text.gattSendFlowCtrlEvt
                0x000000000000b1ba       0x4a d:\Data\Document\Peripheral\wch\CH585EVT\EVT\EXAM\BLE\LIB\libCH58xBLE.a(gatt.o)
                0x000000000000b1ba                gattSendFlowCtrlEvt
 .text.gattStartTimer
                0x000000000000b204        0xc d:\Data\Document\Peripheral\wch\CH585EVT\EVT\EXAM\BLE\LIB\libCH58xBLE.a(gatt.o)
                0x000000000000b204                gattStartTimer
 .text.gattStopTimer
                0x000000000000b210       0x26 d:\Data\Document\Peripheral\wch\CH585EVT\EVT\EXAM\BLE\LIB\libCH58xBLE.a(gatt.o)
                0x000000000000b210                gattStopTimer
 .text.GATT_AppCompletedMsg
                0x000000000000b236       0x28 d:\Data\Document\Peripheral\wch\CH585EVT\EVT\EXAM\BLE\LIB\libCH58xBLE.a(gatt.o)
                0x000000000000b236                GATT_AppCompletedMsg
 .text.GATT_NotifyEvent
                0x000000000000b25e       0x5c d:\Data\Document\Peripheral\wch\CH585EVT\EVT\EXAM\BLE\LIB\libCH58xBLE.a(gatt.o)
                0x000000000000b25e                GATT_NotifyEvent
 .text.gattRegisterServer
                0x000000000000b2ba        0x6 d:\Data\Document\Peripheral\wch\CH585EVT\EVT\EXAM\BLE\LIB\libCH58xBLE.a(gatt.o)
                0x000000000000b2ba                gattRegisterServer
 .text.GATT_UpdateMTU
                0x000000000000b2c0       0x5a d:\Data\Document\Peripheral\wch\CH585EVT\EVT\EXAM\BLE\LIB\libCH58xBLE.a(gatt.o)
                0x000000000000b2c0                GATT_UpdateMTU
 .text.GATT_bm_alloc
                0x000000000000b31a       0xf4 d:\Data\Document\Peripheral\wch\CH585EVT\EVT\EXAM\BLE\LIB\libCH58xBLE.a(gatt.o)
                0x000000000000b31a                GATT_bm_alloc
 .text.GATT_ServiceChangedInd
                0x000000000000b40e       0x86 d:\Data\Document\Peripheral\wch\CH585EVT\EVT\EXAM\BLE\LIB\libCH58xBLE.a(gatt.o)
                0x000000000000b40e                GATT_ServiceChangedInd
 .text.GATT_bm_free
                0x000000000000b494       0x1c d:\Data\Document\Peripheral\wch\CH585EVT\EVT\EXAM\BLE\LIB\libCH58xBLE.a(gatt.o)
                0x000000000000b494                GATT_bm_free
 .text.GATT_Init
                0x000000000000b4b0       0x2a d:\Data\Document\Peripheral\wch\CH585EVT\EVT\EXAM\BLE\LIB\libCH58xBLE.a(gatt.o)
                0x000000000000b4b0                GATT_Init
 .text.GATT_ProcessEvent
                0x000000000000b4da      0x17c d:\Data\Document\Peripheral\wch\CH585EVT\EVT\EXAM\BLE\LIB\libCH58xBLE.a(gatt.o)
                0x000000000000b4da                GATT_ProcessEvent
 .text.gattProcessExchangeMTUReq
                0x000000000000b656        0x4 d:\Data\Document\Peripheral\wch\CH585EVT\EVT\EXAM\BLE\LIB\libCH58xBLE.a(gattservapp.o)
 .text.gattServApp_FindCharCfgItem
                0x000000000000b65a       0x26 d:\Data\Document\Peripheral\wch\CH585EVT\EVT\EXAM\BLE\LIB\libCH58xBLE.a(gattservapp.o)
 .text.gattServerHandleTimerCB
                0x000000000000b680       0x30 d:\Data\Document\Peripheral\wch\CH585EVT\EVT\EXAM\BLE\LIB\libCH58xBLE.a(gattservapp.o)
 .text.GATTServApp_InitCharCfg.part.0
                0x000000000000b6b0       0x1e d:\Data\Document\Peripheral\wch\CH585EVT\EVT\EXAM\BLE\LIB\libCH58xBLE.a(gattservapp.o)
 .text.gattProcessExecuteWriteReq
                0x000000000000b6ce        0x4 d:\Data\Document\Peripheral\wch\CH585EVT\EVT\EXAM\BLE\LIB\libCH58xBLE.a(gattservapp.o)
 .text.GATTServApp_ParamInit
                0x000000000000b6d2       0xb4 d:\Data\Document\Peripheral\wch\CH585EVT\EVT\EXAM\BLE\LIB\libCH58xBLE.a(gattservapp.o)
                0x000000000000b6d2                GATTServApp_ParamInit
 .text.GATTServApp_ReadCharCfg
                0x000000000000b786       0x16 d:\Data\Document\Peripheral\wch\CH585EVT\EVT\EXAM\BLE\LIB\libCH58xBLE.a(gattservapp.o)
                0x000000000000b786                GATTServApp_ReadCharCfg
 .text.GATTServApp_WriteCharCfg
                0x000000000000b79c       0x3a d:\Data\Document\Peripheral\wch\CH585EVT\EVT\EXAM\BLE\LIB\libCH58xBLE.a(gattservapp.o)
                0x000000000000b79c                GATTServApp_WriteCharCfg
 .text.GATTServApp_ProcessCCCWriteReq
                0x000000000000b7d6       0x50 d:\Data\Document\Peripheral\wch\CH585EVT\EVT\EXAM\BLE\LIB\libCH58xBLE.a(gattservapp.o)
                0x000000000000b7d6                GATTServApp_ProcessCCCWriteReq
 .text.gattServApp_WriteAttrCB
                0x000000000000b826       0x2a d:\Data\Document\Peripheral\wch\CH585EVT\EVT\EXAM\BLE\LIB\libCH58xBLE.a(gattservapp.o)
                0x000000000000b826                gattServApp_WriteAttrCB
 .text.GATTServApp_SendCCCUpdatedEvent
                0x000000000000b850       0x64 d:\Data\Document\Peripheral\wch\CH585EVT\EVT\EXAM\BLE\LIB\libCH58xBLE.a(gattservapp.o)
                0x000000000000b850                GATTServApp_SendCCCUpdatedEvent
 .text.GATTServApp_SendServiceChangedInd
                0x000000000000b8b4       0x34 d:\Data\Document\Peripheral\wch\CH585EVT\EVT\EXAM\BLE\LIB\libCH58xBLE.a(gattservapp.o)
                0x000000000000b8b4                GATTServApp_SendServiceChangedInd
 .text.gattServApp_ClearPrepareWriteQ
                0x000000000000b8e8       0x4c d:\Data\Document\Peripheral\wch\CH585EVT\EVT\EXAM\BLE\LIB\libCH58xBLE.a(gattservapp.o)
                0x000000000000b8e8                gattServApp_ClearPrepareWriteQ
 .text.gattServApp_FindPrepareWriteQ
                0x000000000000b934       0x2e d:\Data\Document\Peripheral\wch\CH585EVT\EVT\EXAM\BLE\LIB\libCH58xBLE.a(gattservapp.o)
                0x000000000000b934                gattServApp_FindPrepareWriteQ
 .text.gattServApp_FindServiceCBs
                0x000000000000b962       0x18 d:\Data\Document\Peripheral\wch\CH585EVT\EVT\EXAM\BLE\LIB\libCH58xBLE.a(gattservapp.o)
                0x000000000000b962                gattServApp_FindServiceCBs
 .text.gattServApp_FindAuthorizeAttrCB
                0x000000000000b97a       0x14 d:\Data\Document\Peripheral\wch\CH585EVT\EVT\EXAM\BLE\LIB\libCH58xBLE.a(gattservapp.o)
                0x000000000000b97a                gattServApp_FindAuthorizeAttrCB
 .text.gattServApp_IsWriteLong
                0x000000000000b98e       0xf8 d:\Data\Document\Peripheral\wch\CH585EVT\EVT\EXAM\BLE\LIB\libCH58xBLE.a(gattservapp.o)
                0x000000000000b98e                gattServApp_IsWriteLong
 .text.gattFindService
                0x000000000000ba86       0x1a d:\Data\Document\Peripheral\wch\CH585EVT\EVT\EXAM\BLE\LIB\libCH58xBLE.a(gattservapp.o)
                0x000000000000ba86                gattFindService
 .text.GATT_ServiceNumAttrs
                0x000000000000baa0       0x14 d:\Data\Document\Peripheral\wch\CH585EVT\EVT\EXAM\BLE\LIB\libCH58xBLE.a(gattservapp.o)
                0x000000000000baa0                GATT_ServiceNumAttrs
 .text.GATT_ServiceEncKeySize
                0x000000000000bab4       0x14 d:\Data\Document\Peripheral\wch\CH585EVT\EVT\EXAM\BLE\LIB\libCH58xBLE.a(gattservapp.o)
                0x000000000000bab4                GATT_ServiceEncKeySize
 .text.gattResetServerInfo
                0x000000000000bac8       0x1a d:\Data\Document\Peripheral\wch\CH585EVT\EVT\EXAM\BLE\LIB\libCH58xBLE.a(gattservapp.o)
                0x000000000000bac8                gattResetServerInfo
 .text.gattServerHandleConnStatusCB
                0x000000000000bae2       0x9e d:\Data\Document\Peripheral\wch\CH585EVT\EVT\EXAM\BLE\LIB\libCH58xBLE.a(gattservapp.o)
                0x000000000000bae2                gattServerHandleConnStatusCB
 .text.gattServerProcessMsgCB
                0x000000000000bb80      0x18c d:\Data\Document\Peripheral\wch\CH585EVT\EVT\EXAM\BLE\LIB\libCH58xBLE.a(gattservapp.o)
                0x000000000000bb80                gattServerProcessMsgCB
 .text.gattServerNotifyTxCB
                0x000000000000bd0c       0x2a d:\Data\Document\Peripheral\wch\CH585EVT\EVT\EXAM\BLE\LIB\libCH58xBLE.a(gattservapp.o)
 .text.GATTServApp_WriteAttr
                0x000000000000bd36       0xa8 d:\Data\Document\Peripheral\wch\CH585EVT\EVT\EXAM\BLE\LIB\libCH58xBLE.a(gattservapp.o)
                0x000000000000bd36                GATTServApp_WriteAttr
 .text.gattServApp_ProcessExecuteWriteReq
                0x000000000000bdde      0x10c d:\Data\Document\Peripheral\wch\CH585EVT\EVT\EXAM\BLE\LIB\libCH58xBLE.a(gattservapp.o)
                0x000000000000bdde                gattServApp_ProcessExecuteWriteReq
 .text.GATTServApp_UpdateCharCfg
                0x000000000000beea       0x1c d:\Data\Document\Peripheral\wch\CH585EVT\EVT\EXAM\BLE\LIB\libCH58xBLE.a(gattservapp.o)
                0x000000000000beea                GATTServApp_UpdateCharCfg
 .text.gattServApp_ProcessPrepareWriteReq
                0x000000000000bf06       0xf2 d:\Data\Document\Peripheral\wch\CH585EVT\EVT\EXAM\BLE\LIB\libCH58xBLE.a(gattservapp.o)
                0x000000000000bf06                gattServApp_ProcessPrepareWriteReq
 .text.gattServApp_ProcessWriteReq
                0x000000000000bff8       0x9a d:\Data\Document\Peripheral\wch\CH585EVT\EVT\EXAM\BLE\LIB\libCH58xBLE.a(gattservapp.o)
                0x000000000000bff8                gattServApp_ProcessWriteReq
 .text.GATT_Indication
                0x000000000000c092       0xac d:\Data\Document\Peripheral\wch\CH585EVT\EVT\EXAM\BLE\LIB\libCH58xBLE.a(gattservapp.o)
                0x000000000000c092                GATT_Indication
 .text.GATT_FindHandleUUID
                0x000000000000c13e       0x88 d:\Data\Document\Peripheral\wch\CH585EVT\EVT\EXAM\BLE\LIB\libCH58xBLE.a(gattservapp.o)
                0x000000000000c13e                GATT_FindHandleUUID
 .text.gattProcessReadByGrpTypeReq
                0x000000000000c1c6       0x4c d:\Data\Document\Peripheral\wch\CH585EVT\EVT\EXAM\BLE\LIB\libCH58xBLE.a(gattservapp.o)
 .text.gattProcessReadByTypeReq
                0x000000000000c212       0x2e d:\Data\Document\Peripheral\wch\CH585EVT\EVT\EXAM\BLE\LIB\libCH58xBLE.a(gattservapp.o)
 .text.gattProcessFindByTypeValueReq
                0x000000000000c240       0x2e d:\Data\Document\Peripheral\wch\CH585EVT\EVT\EXAM\BLE\LIB\libCH58xBLE.a(gattservapp.o)
 .text.gattProcessFindInfoReq
                0x000000000000c26e      0x16e d:\Data\Document\Peripheral\wch\CH585EVT\EVT\EXAM\BLE\LIB\libCH58xBLE.a(gattservapp.o)
 .text.GATT_Notification
                0x000000000000c3dc       0x7c d:\Data\Document\Peripheral\wch\CH585EVT\EVT\EXAM\BLE\LIB\libCH58xBLE.a(gattservapp.o)
                0x000000000000c3dc                GATT_Notification
 .text.GATT_VerifyWritePermissions
                0x000000000000c458       0x76 d:\Data\Document\Peripheral\wch\CH585EVT\EVT\EXAM\BLE\LIB\libCH58xBLE.a(gattservapp.o)
                0x000000000000c458                GATT_VerifyWritePermissions
 .text.gattProcessWriteReq
                0x000000000000c4ce       0x38 d:\Data\Document\Peripheral\wch\CH585EVT\EVT\EXAM\BLE\LIB\libCH58xBLE.a(gattservapp.o)
 .text.GATT_VerifyPrepareWritePermissions
                0x000000000000c506       0x6c d:\Data\Document\Peripheral\wch\CH585EVT\EVT\EXAM\BLE\LIB\libCH58xBLE.a(gattservapp.o)
                0x000000000000c506                GATT_VerifyPrepareWritePermissions
 .text.gattProcessPrepareWriteReq
                0x000000000000c572       0x38 d:\Data\Document\Peripheral\wch\CH585EVT\EVT\EXAM\BLE\LIB\libCH58xBLE.a(gattservapp.o)
 .text.GATT_FindNextAttr
                0x000000000000c5aa       0xa8 d:\Data\Document\Peripheral\wch\CH585EVT\EVT\EXAM\BLE\LIB\libCH58xBLE.a(gattservapp.o)
                0x000000000000c5aa                GATT_FindNextAttr
 .text.GATTServApp_ReadAttr
                0x000000000000c652      0x2be d:\Data\Document\Peripheral\wch\CH585EVT\EVT\EXAM\BLE\LIB\libCH58xBLE.a(gattservapp.o)
                0x000000000000c652                GATTServApp_ReadAttr
 .text.gattServApp_ProcessReadMultiReq
                0x000000000000c910      0x156 d:\Data\Document\Peripheral\wch\CH585EVT\EVT\EXAM\BLE\LIB\libCH58xBLE.a(gattservapp.o)
                0x000000000000c910                gattServApp_ProcessReadMultiReq
 .text.gattServApp_ProcessFindByTypeValueReq
                0x000000000000ca66      0x184 d:\Data\Document\Peripheral\wch\CH585EVT\EVT\EXAM\BLE\LIB\libCH58xBLE.a(gattservapp.o)
                0x000000000000ca66                gattServApp_ProcessFindByTypeValueReq
 .text.GATT_VerifyReadPermissions
                0x000000000000cbea       0x68 d:\Data\Document\Peripheral\wch\CH585EVT\EVT\EXAM\BLE\LIB\libCH58xBLE.a(gattservapp.o)
                0x000000000000cbea                GATT_VerifyReadPermissions
 .text.gattProcessReadMultiReq
                0x000000000000cc52       0x9e d:\Data\Document\Peripheral\wch\CH585EVT\EVT\EXAM\BLE\LIB\libCH58xBLE.a(gattservapp.o)
 .text.gattProcessReadReq
                0x000000000000ccf0       0x34 d:\Data\Document\Peripheral\wch\CH585EVT\EVT\EXAM\BLE\LIB\libCH58xBLE.a(gattservapp.o)
 .text.gattServApp_ProcessReadByGrpTypeReq
                0x000000000000cd24      0x1c0 d:\Data\Document\Peripheral\wch\CH585EVT\EVT\EXAM\BLE\LIB\libCH58xBLE.a(gattservapp.o)
                0x000000000000cd24                gattServApp_ProcessReadByGrpTypeReq
 .text.gattServApp_ProcessReadByTypeReq
                0x000000000000cee4      0x172 d:\Data\Document\Peripheral\wch\CH585EVT\EVT\EXAM\BLE\LIB\libCH58xBLE.a(gattservapp.o)
                0x000000000000cee4                gattServApp_ProcessReadByTypeReq
 .text.GATT_RegisterService
                0x000000000000d056       0xe4 d:\Data\Document\Peripheral\wch\CH585EVT\EVT\EXAM\BLE\LIB\libCH58xBLE.a(gattservapp.o)
                0x000000000000d056                GATT_RegisterService
 .text.GATTServApp_RegisterService
                0x000000000000d13a       0x6e d:\Data\Document\Peripheral\wch\CH585EVT\EVT\EXAM\BLE\LIB\libCH58xBLE.a(gattservapp.o)
                0x000000000000d13a                GATTServApp_RegisterService
 .text.GATTServApp_AddService
                0x000000000000d1a8       0x2c d:\Data\Document\Peripheral\wch\CH585EVT\EVT\EXAM\BLE\LIB\libCH58xBLE.a(gattservapp.o)
                0x000000000000d1a8                GATTServApp_AddService
 .text.GATTServApp_RegisterForMsg
                0x000000000000d1d4        0x6 d:\Data\Document\Peripheral\wch\CH585EVT\EVT\EXAM\BLE\LIB\libCH58xBLE.a(gattservapp.o)
                0x000000000000d1d4                GATTServApp_RegisterForMsg
 .text.GATTServApp_InitCharCfg
                0x000000000000d1da       0x26 d:\Data\Document\Peripheral\wch\CH585EVT\EVT\EXAM\BLE\LIB\libCH58xBLE.a(gattservapp.o)
                0x000000000000d1da                GATTServApp_InitCharCfg
 .text.gattServApp_HandleConnStatusCB
                0x000000000000d200       0x6e d:\Data\Document\Peripheral\wch\CH585EVT\EVT\EXAM\BLE\LIB\libCH58xBLE.a(gattservapp.o)
                0x000000000000d200                gattServApp_HandleConnStatusCB
 .text.GATT_InitServer
                0x000000000000d26e       0xf0 d:\Data\Document\Peripheral\wch\CH585EVT\EVT\EXAM\BLE\LIB\libCH58xBLE.a(gattservapp.o)
                0x000000000000d26e                GATT_InitServer
 .text.GATTServApp_Init
                0x000000000000d35e       0x32 d:\Data\Document\Peripheral\wch\CH585EVT\EVT\EXAM\BLE\LIB\libCH58xBLE.a(gattservapp.o)
                0x000000000000d35e                GATTServApp_Init
 .text.GATTServApp_ProcessEvent
                0x000000000000d390      0x2f6 d:\Data\Document\Peripheral\wch\CH585EVT\EVT\EXAM\BLE\LIB\libCH58xBLE.a(gattservapp.o)
                0x000000000000d390                GATTServApp_ProcessEvent
 .text.l2capAllocConnChannel
                0x000000000000d686       0xd2 d:\Data\Document\Peripheral\wch\CH585EVT\EVT\EXAM\BLE\LIB\libCH58xBLE.a(l2cap.o)
                0x000000000000d686                l2capAllocConnChannel
 .text.l2capFindLocalCID
                0x000000000000d758       0x28 d:\Data\Document\Peripheral\wch\CH585EVT\EVT\EXAM\BLE\LIB\libCH58xBLE.a(l2cap.o)
                0x000000000000d758                l2capFindLocalCID
 .text.l2capFindLocalId
                0x000000000000d780       0x2a d:\Data\Document\Peripheral\wch\CH585EVT\EVT\EXAM\BLE\LIB\libCH58xBLE.a(l2cap.o)
                0x000000000000d780                l2capFindLocalId
 .text.l2capFindPsm
                0x000000000000d7aa       0x28 d:\Data\Document\Peripheral\wch\CH585EVT\EVT\EXAM\BLE\LIB\libCH58xBLE.a(l2cap.o)
                0x000000000000d7aa                l2capFindPsm
 .text.l2capFindRemoteCID
                0x000000000000d7d2       0x34 d:\Data\Document\Peripheral\wch\CH585EVT\EVT\EXAM\BLE\LIB\libCH58xBLE.a(l2cap.o)
                0x000000000000d7d2                l2capFindRemoteCID
 .text.l2capFreeChannel
                0x000000000000d806       0x4c d:\Data\Document\Peripheral\wch\CH585EVT\EVT\EXAM\BLE\LIB\libCH58xBLE.a(l2cap.o)
                0x000000000000d806                l2capFreeChannel
 .text.l2capDisconnectChannel
                0x000000000000d852       0x26 d:\Data\Document\Peripheral\wch\CH585EVT\EVT\EXAM\BLE\LIB\libCH58xBLE.a(l2cap.o)
                0x000000000000d852                l2capDisconnectChannel
 .text.l2capHandleTimerCB
                0x000000000000d878       0x2a d:\Data\Document\Peripheral\wch\CH585EVT\EVT\EXAM\BLE\LIB\libCH58xBLE.a(l2cap.o)
                0x000000000000d878                l2capHandleTimerCB
 .text.l2capFreePendingPkt
                0x000000000000d8a2       0x52 d:\Data\Document\Peripheral\wch\CH585EVT\EVT\EXAM\BLE\LIB\libCH58xBLE.a(l2cap.o)
                0x000000000000d8a2                l2capFreePendingPkt
 .text.l2capGetCoChannelInfo
                0x000000000000d8f4       0x56 d:\Data\Document\Peripheral\wch\CH585EVT\EVT\EXAM\BLE\LIB\libCH58xBLE.a(l2cap.o)
                0x000000000000d8f4                l2capGetCoChannelInfo
 .text.l2capNumActiveChannnels
                0x000000000000d94a       0x3c d:\Data\Document\Peripheral\wch\CH585EVT\EVT\EXAM\BLE\LIB\libCH58xBLE.a(l2cap.o)
                0x000000000000d94a                l2capNumActiveChannnels
 .text.l2capStartTimer
                0x000000000000d986       0x1a d:\Data\Document\Peripheral\wch\CH585EVT\EVT\EXAM\BLE\LIB\libCH58xBLE.a(l2cap.o)
                0x000000000000d986                l2capStartTimer
 .text.l2capStopTimer
                0x000000000000d9a0       0x1a d:\Data\Document\Peripheral\wch\CH585EVT\EVT\EXAM\BLE\LIB\libCH58xBLE.a(l2cap.o)
                0x000000000000d9a0                l2capStopTimer
 .text.l2capDisconnectAllChannels
                0x000000000000d9ba       0xdc d:\Data\Document\Peripheral\wch\CH585EVT\EVT\EXAM\BLE\LIB\libCH58xBLE.a(l2cap.o)
                0x000000000000d9ba                l2capDisconnectAllChannels
 .text.l2capHandleConnStatusCB
                0x000000000000da96       0x3c d:\Data\Document\Peripheral\wch\CH585EVT\EVT\EXAM\BLE\LIB\libCH58xBLE.a(l2cap.o)
                0x000000000000da96                l2capHandleConnStatusCB
 .text.l2capHandleRxError
                0x000000000000dad2        0x6 d:\Data\Document\Peripheral\wch\CH585EVT\EVT\EXAM\BLE\LIB\libCH58xBLE.a(l2cap.o)
                0x000000000000dad2                l2capHandleRxError
 .text.L2CAP_GetMTU
                0x000000000000dad8        0x6 d:\Data\Document\Peripheral\wch\CH585EVT\EVT\EXAM\BLE\LIB\libCH58xBLE.a(l2cap.o)
                0x000000000000dad8                L2CAP_GetMTU
 .text.L2CAP_HostNumCompletedPkts
                0x000000000000dade       0x24 d:\Data\Document\Peripheral\wch\CH585EVT\EVT\EXAM\BLE\LIB\libCH58xBLE.a(l2cap.o)
                0x000000000000dade                L2CAP_HostNumCompletedPkts
 .text.L2CAP_ParseConnectReq
                0x000000000000db02       0x40 d:\Data\Document\Peripheral\wch\CH585EVT\EVT\EXAM\BLE\LIB\libCH58xBLE.a(l2cap.o)
                0x000000000000db02                L2CAP_ParseConnectReq
 .text.L2CAP_ParseFlowCtrlCredit
                0x000000000000db42       0x22 d:\Data\Document\Peripheral\wch\CH585EVT\EVT\EXAM\BLE\LIB\libCH58xBLE.a(l2cap.o)
                0x000000000000db42                L2CAP_ParseFlowCtrlCredit
 .text.L2CAP_RegisterApp
                0x000000000000db64       0x2a d:\Data\Document\Peripheral\wch\CH585EVT\EVT\EXAM\BLE\LIB\libCH58xBLE.a(l2cap.o)
                0x000000000000db64                L2CAP_RegisterApp
 .text.L2CAP_SetBufSize
                0x000000000000db8e       0x18 d:\Data\Document\Peripheral\wch\CH585EVT\EVT\EXAM\BLE\LIB\libCH58xBLE.a(l2cap.o)
                0x000000000000db8e                L2CAP_SetBufSize
 .text.L2CAP_bm_alloc
                0x000000000000dba6       0x2e d:\Data\Document\Peripheral\wch\CH585EVT\EVT\EXAM\BLE\LIB\libCH58xBLE.a(l2cap.o)
                0x000000000000dba6                L2CAP_bm_alloc
 .text.L2CAP_Init
                0x000000000000dbd4      0x134 d:\Data\Document\Peripheral\wch\CH585EVT\EVT\EXAM\BLE\LIB\libCH58xBLE.a(l2cap.o)
                0x000000000000dbd4                L2CAP_Init
 .text.L2CAP_ProcessEvent
                0x000000000000dd08       0xc4 d:\Data\Document\Peripheral\wch\CH585EVT\EVT\EXAM\BLE\LIB\libCH58xBLE.a(l2cap.o)
                0x000000000000dd08                L2CAP_ProcessEvent
 .text.l2capParseCmdReject
                0x000000000000ddcc       0x42 d:\Data\Document\Peripheral\wch\CH585EVT\EVT\EXAM\BLE\LIB\libCH58xBLE.a(l2cap_input.o)
                0x000000000000ddcc                l2capParseCmdReject
 .text.l2capParseDisconnectReq
                0x000000000000de0e       0x22 d:\Data\Document\Peripheral\wch\CH585EVT\EVT\EXAM\BLE\LIB\libCH58xBLE.a(l2cap_input.o)
                0x000000000000de0e                l2capParseDisconnectReq
 .text.l2capParseDisconnectRsp
                0x000000000000de30       0x22 d:\Data\Document\Peripheral\wch\CH585EVT\EVT\EXAM\BLE\LIB\libCH58xBLE.a(l2cap_input.o)
                0x000000000000de30                l2capParseDisconnectRsp
 .text.L2CAP_ParseParamUpdateReq
                0x000000000000de52       0x36 d:\Data\Document\Peripheral\wch\CH585EVT\EVT\EXAM\BLE\LIB\libCH58xBLE.a(l2cap_input.o)
                0x000000000000de52                L2CAP_ParseParamUpdateReq
 .text.l2capParseParamUpdateRsp
                0x000000000000de88       0x18 d:\Data\Document\Peripheral\wch\CH585EVT\EVT\EXAM\BLE\LIB\libCH58xBLE.a(l2cap_input.o)
                0x000000000000de88                l2capParseParamUpdateRsp
 .text.l2capProcessConnectReq
                0x000000000000dea0       0xd8 d:\Data\Document\Peripheral\wch\CH585EVT\EVT\EXAM\BLE\LIB\libCH58xBLE.a(l2cap_input.o)
                0x000000000000dea0                l2capProcessConnectReq
 .text.l2capParseConnectRsp
                0x000000000000df78       0x40 d:\Data\Document\Peripheral\wch\CH585EVT\EVT\EXAM\BLE\LIB\libCH58xBLE.a(l2cap_input.o)
                0x000000000000df78                l2capParseConnectRsp
 .text.l2capParseSignalHdr
                0x000000000000dfb8       0x14 d:\Data\Document\Peripheral\wch\CH585EVT\EVT\EXAM\BLE\LIB\libCH58xBLE.a(l2cap_input.o)
                0x000000000000dfb8                l2capParseSignalHdr
 .text.l2capParsePacket
                0x000000000000dfcc       0x84 d:\Data\Document\Peripheral\wch\CH585EVT\EVT\EXAM\BLE\LIB\libCH58xBLE.a(l2cap_input.o)
                0x000000000000dfcc                l2capParsePacket
 .text.l2capProcessReq
                0x000000000000e050      0x118 d:\Data\Document\Peripheral\wch\CH585EVT\EVT\EXAM\BLE\LIB\libCH58xBLE.a(l2cap_input.o)
                0x000000000000e050                l2capProcessReq
 .text.l2capProcessRsp
                0x000000000000e168      0x12a d:\Data\Document\Peripheral\wch\CH585EVT\EVT\EXAM\BLE\LIB\libCH58xBLE.a(l2cap_input.o)
                0x000000000000e168                l2capProcessRsp
 .text.l2capProcessRxData
                0x000000000000e292       0xe6 d:\Data\Document\Peripheral\wch\CH585EVT\EVT\EXAM\BLE\LIB\libCH58xBLE.a(l2cap_input.o)
                0x000000000000e292                l2capProcessRxData
 .text.l2capNotifyData
                0x000000000000e378       0x62 d:\Data\Document\Peripheral\wch\CH585EVT\EVT\EXAM\BLE\LIB\libCH58xBLE.a(l2cap_output.o)
                0x000000000000e378                l2capNotifyData
 .text.l2capNotifySignal
                0x000000000000e3da       0x8e d:\Data\Document\Peripheral\wch\CH585EVT\EVT\EXAM\BLE\LIB\libCH58xBLE.a(l2cap_output.o)
                0x000000000000e3da                l2capNotifySignal
 .text.l2capNotifyCreditEvt
                0x000000000000e468       0x80 d:\Data\Document\Peripheral\wch\CH585EVT\EVT\EXAM\BLE\LIB\libCH58xBLE.a(l2cap_output.o)
                0x000000000000e468                l2capNotifyCreditEvt
 .text.l2capNotifyChannelEstEvt
                0x000000000000e4e8       0x60 d:\Data\Document\Peripheral\wch\CH585EVT\EVT\EXAM\BLE\LIB\libCH58xBLE.a(l2cap_output.o)
                0x000000000000e4e8                l2capNotifyChannelEstEvt
 .text.l2capNotifyChannelTermEvt
                0x000000000000e548       0x30 d:\Data\Document\Peripheral\wch\CH585EVT\EVT\EXAM\BLE\LIB\libCH58xBLE.a(l2cap_output.o)
                0x000000000000e548                l2capNotifyChannelTermEvt
 .text.l2capNotifyEvent
                0x000000000000e578       0x5e d:\Data\Document\Peripheral\wch\CH585EVT\EVT\EXAM\BLE\LIB\libCH58xBLE.a(l2cap_output.o)
                0x000000000000e578                l2capNotifyEvent
 .text.l2capStoreFCPkt
                0x000000000000e5d6       0x2a d:\Data\Document\Peripheral\wch\CH585EVT\EVT\EXAM\BLE\LIB\libCH58xBLE.a(l2cap_output.o)
                0x000000000000e5d6                l2capStoreFCPkt
 .text.l2capFreeTxSDU
                0x000000000000e600       0x82 d:\Data\Document\Peripheral\wch\CH585EVT\EVT\EXAM\BLE\LIB\libCH58xBLE.a(l2cap_output.o)
                0x000000000000e600                l2capFreeTxSDU
 .text.l2capReassembleSegment
                0x000000000000e682      0x150 d:\Data\Document\Peripheral\wch\CH585EVT\EVT\EXAM\BLE\LIB\libCH58xBLE.a(l2cap_output.o)
                0x000000000000e682                l2capReassembleSegment
 .text.l2capEncapSendData
                0x000000000000e7d2       0xcc d:\Data\Document\Peripheral\wch\CH585EVT\EVT\EXAM\BLE\LIB\libCH58xBLE.a(l2cap_output.o)
                0x000000000000e7d2                l2capEncapSendData
 .text.l2capSendFCPkt.part.0
                0x000000000000e89e       0x62 d:\Data\Document\Peripheral\wch\CH585EVT\EVT\EXAM\BLE\LIB\libCH58xBLE.a(l2cap_output.o)
 .text.l2capSendSegment
                0x000000000000e900       0xd4 d:\Data\Document\Peripheral\wch\CH585EVT\EVT\EXAM\BLE\LIB\libCH58xBLE.a(l2cap_output.o)
                0x000000000000e900                l2capSendSegment
 .text.l2capSendNextSegment
                0x000000000000e9d4       0xc0 d:\Data\Document\Peripheral\wch\CH585EVT\EVT\EXAM\BLE\LIB\libCH58xBLE.a(l2cap_output.o)
                0x000000000000e9d4                l2capSendNextSegment
 .text.l2capSendPkt
                0x000000000000ea94       0x3a d:\Data\Document\Peripheral\wch\CH585EVT\EVT\EXAM\BLE\LIB\libCH58xBLE.a(l2cap_output.o)
                0x000000000000ea94                l2capSendPkt
 .text.L2CAP_SendData
                0x000000000000eace       0x80 d:\Data\Document\Peripheral\wch\CH585EVT\EVT\EXAM\BLE\LIB\libCH58xBLE.a(l2cap_output.o)
                0x000000000000eace                L2CAP_SendData
 .text.l2capSendCmd
                0x000000000000eb4e       0x8a d:\Data\Document\Peripheral\wch\CH585EVT\EVT\EXAM\BLE\LIB\libCH58xBLE.a(l2cap_output.o)
                0x000000000000eb4e                l2capSendCmd
 .text.l2capSendReq
                0x000000000000ebd8       0xaa d:\Data\Document\Peripheral\wch\CH585EVT\EVT\EXAM\BLE\LIB\libCH58xBLE.a(l2cap_output.o)
                0x000000000000ebd8                l2capSendReq
 .text.l2capBuildDisconnectReq
                0x000000000000ec82       0x18 d:\Data\Document\Peripheral\wch\CH585EVT\EVT\EXAM\BLE\LIB\libCH58xBLE.a(l2cap_sdu.o)
 .text.l2capBuildParamUpdateReq
                0x000000000000ec9a       0x2c d:\Data\Document\Peripheral\wch\CH585EVT\EVT\EXAM\BLE\LIB\libCH58xBLE.a(l2cap_sdu.o)
 .text.l2capBuildParamUpdateRsp
                0x000000000000ecc6        0xe d:\Data\Document\Peripheral\wch\CH585EVT\EVT\EXAM\BLE\LIB\libCH58xBLE.a(l2cap_sdu.o)
 .text.l2capBuildConnectRsp
                0x000000000000ecd4       0x36 d:\Data\Document\Peripheral\wch\CH585EVT\EVT\EXAM\BLE\LIB\libCH58xBLE.a(l2cap_sdu.o)
 .text.l2capBuildCmdReject
                0x000000000000ed0a       0x40 d:\Data\Document\Peripheral\wch\CH585EVT\EVT\EXAM\BLE\LIB\libCH58xBLE.a(l2cap_sdu.o)
                0x000000000000ed0a                l2capBuildCmdReject
 .text.l2capBuildDisconnectRsp
                0x000000000000ed4a       0x18 d:\Data\Document\Peripheral\wch\CH585EVT\EVT\EXAM\BLE\LIB\libCH58xBLE.a(l2cap_sdu.o)
                0x000000000000ed4a                l2capBuildDisconnectRsp
 .text.l2capSendConnectRsp
                0x000000000000ed62       0x8c d:\Data\Document\Peripheral\wch\CH585EVT\EVT\EXAM\BLE\LIB\libCH58xBLE.a(l2cap_sdu.o)
                0x000000000000ed62                l2capSendConnectRsp
 .text.L2CAP_CmdReject
                0x000000000000edee       0x12 d:\Data\Document\Peripheral\wch\CH585EVT\EVT\EXAM\BLE\LIB\libCH58xBLE.a(l2cap_sdu.o)
                0x000000000000edee                L2CAP_CmdReject
 .text.L2CAP_DisconnectReq
                0x000000000000ee00       0x28 d:\Data\Document\Peripheral\wch\CH585EVT\EVT\EXAM\BLE\LIB\libCH58xBLE.a(l2cap_sdu.o)
                0x000000000000ee00                L2CAP_DisconnectReq
 .text.L2CAP_ConnParamUpdateReq
                0x000000000000ee28       0x16 d:\Data\Document\Peripheral\wch\CH585EVT\EVT\EXAM\BLE\LIB\libCH58xBLE.a(l2cap_sdu.o)
                0x000000000000ee28                L2CAP_ConnParamUpdateReq
 .text.L2CAP_ConnParamUpdateRsp
                0x000000000000ee3e       0x12 d:\Data\Document\Peripheral\wch\CH585EVT\EVT\EXAM\BLE\LIB\libCH58xBLE.a(l2cap_sdu.o)